Archive member included to satisfy reference by file (symbol)

lib/orangescrt.a(printf.o)    kernel/main.o (printf)
lib/orangescrt.a(vsprintf.o)  kernel/main.o (vsprintf)
lib/orangescrt.a(string.o)    kernel/start.o (memcpy)
lib/orangescrt.a(misc.o)      kernel/main.o (send_recv)
lib/orangescrt.a(open.o)      kernel/main.o (open)
lib/orangescrt.a(read.o)      kernel/main.o (read)
lib/orangescrt.a(write.o)     kernel/main.o (write)
lib/orangescrt.a(close.o)     kernel/main.o (close)
lib/orangescrt.a(unlink.o)    kernel/main.o (unlink)
lib/orangescrt.a(getpid.o)    fs/disklog.o (getpid)
lib/orangescrt.a(stat.o)      mm/exec.o (stat)
lib/orangescrt.a(fork.o)      kernel/main.o (fork)
lib/orangescrt.a(wait.o)      kernel/main.o (wait)
lib/orangescrt.a(exec.o)      kernel/main.o (execv)
lib/orangescrt.a(syscall.o)   lib/orangescrt.a(misc.o) (sendrec)

Allocating common symbols
Common symbol       size              file

filequeue           0x140             kernel/main.o
idt_ptr             0x6               kernel/global.o
dirs                0x400             kernel/main.o
inode_table         0xb00             kernel/global.o
task_stack          0x24000           kernel/global.o
dirmap              0x80              kernel/main.o
k_reenter           0x4               kernel/global.o
gdt                 0x400             kernel/global.o
current_console     0x4               kernel/global.o
pcaller             0x4               kernel/global.o
tty_table           0xc6c             kernel/global.o
tss                 0x68              kernel/global.o
fs_msg              0xb0              kernel/global.o
memory_size         0x4               kernel/global.o
f_desc_table        0x400             kernel/global.o
dirqueue            0x140             kernel/main.o
root_inode          0x4               kernel/global.o
disp_pos            0x4               kernel/global.o
files               0xa00             kernel/main.o
mm_msg              0xb0              kernel/global.o
key_pressed         0x4               kernel/global.o
gdt_ptr             0x6               kernel/global.o
dir                 0x400             kernel/main.o
idt                 0x800             kernel/global.o
super_block         0x1e0             kernel/global.o
PARTITION_ENTRY     0x10              kernel/hd.o
ticks               0x4               kernel/global.o
console_table       0x3c              kernel/global.o
irq_table           0x40              kernel/global.o
p_proc_ready        0x4               kernel/global.o
proc_table          0x17e8            kernel/global.o

Discarded input sections

 .note.GNU-stack
                0x0000000000000000        0x0 kernel/start.o
 .note.GNU-stack
                0x0000000000000000        0x0 kernel/main.o
 .note.GNU-stack
                0x0000000000000000        0x0 kernel/clock.o
 .note.GNU-stack
                0x0000000000000000        0x0 kernel/keyboard.o
 .note.GNU-stack
                0x0000000000000000        0x0 kernel/tty.o
 .note.GNU-stack
                0x0000000000000000        0x0 kernel/console.o
 .note.GNU-stack
                0x0000000000000000        0x0 kernel/i8259.o
 .note.GNU-stack
                0x0000000000000000        0x0 kernel/global.o
 .note.GNU-stack
                0x0000000000000000        0x0 kernel/protect.o
 .note.GNU-stack
                0x0000000000000000        0x0 kernel/proc.o
 .note.GNU-stack
                0x0000000000000000        0x0 kernel/systask.o
 .note.GNU-stack
                0x0000000000000000        0x0 kernel/hd.o
 .note.GNU-stack
                0x0000000000000000        0x0 kernel/klib.o
 .note.GNU-stack
                0x0000000000000000        0x0 lib/syslog.o
 .note.GNU-stack
                0x0000000000000000        0x0 mm/main.o
 .note.GNU-stack
                0x0000000000000000        0x0 mm/forkexit.o
 .note.GNU-stack
                0x0000000000000000        0x0 mm/exec.o
 .note.GNU-stack
                0x0000000000000000        0x0 fs/main.o
 .note.GNU-stack
                0x0000000000000000        0x0 fs/open.o
 .note.GNU-stack
                0x0000000000000000        0x0 fs/misc.o
 .note.GNU-stack
                0x0000000000000000        0x0 fs/read_write.o
 .note.GNU-stack
                0x0000000000000000        0x0 fs/link.o
 .note.GNU-stack
                0x0000000000000000        0x0 fs/disklog.o
 .note.GNU-stack
                0x0000000000000000        0x0 lib/orangescrt.a(printf.o)
 .note.GNU-stack
                0x0000000000000000        0x0 lib/orangescrt.a(vsprintf.o)
 .note.GNU-stack
                0x0000000000000000        0x0 lib/orangescrt.a(misc.o)
 .note.GNU-stack
                0x0000000000000000        0x0 lib/orangescrt.a(open.o)
 .note.GNU-stack
                0x0000000000000000        0x0 lib/orangescrt.a(read.o)
 .note.GNU-stack
                0x0000000000000000        0x0 lib/orangescrt.a(write.o)
 .note.GNU-stack
                0x0000000000000000        0x0 lib/orangescrt.a(close.o)
 .note.GNU-stack
                0x0000000000000000        0x0 lib/orangescrt.a(unlink.o)
 .note.GNU-stack
                0x0000000000000000        0x0 lib/orangescrt.a(getpid.o)
 .note.GNU-stack
                0x0000000000000000        0x0 lib/orangescrt.a(stat.o)
 .note.GNU-stack
                0x0000000000000000        0x0 lib/orangescrt.a(fork.o)
 .note.GNU-stack
                0x0000000000000000        0x0 lib/orangescrt.a(wait.o)
 .note.GNU-stack
                0x0000000000000000        0x0 lib/orangescrt.a(exec.o)

Memory Configuration

Name             Origin             Length             Attributes
*default*        0x0000000000000000 0xffffffffffffffff

Linker script and memory map

Address of section .text set to 0x1000
LOAD kernel/kernel.o
LOAD kernel/start.o
LOAD kernel/main.o
LOAD kernel/clock.o
LOAD kernel/keyboard.o
LOAD kernel/tty.o
LOAD kernel/console.o
LOAD kernel/i8259.o
LOAD kernel/global.o
LOAD kernel/protect.o
LOAD kernel/proc.o
LOAD kernel/systask.o
LOAD kernel/hd.o
LOAD kernel/kliba.o
LOAD kernel/klib.o
LOAD lib/syslog.o
LOAD mm/main.o
LOAD mm/forkexit.o
LOAD mm/exec.o
LOAD fs/main.o
LOAD fs/open.o
LOAD fs/misc.o
LOAD fs/read_write.o
LOAD fs/link.o
LOAD fs/disklog.o
LOAD lib/orangescrt.a
                [!provide]                        PROVIDE (__executable_start, 0x8048000)
                0x0000000008048094                . = (0x8048000 + SIZEOF_HEADERS)

.interp
 *(.interp)

.note.gnu.build-id
 *(.note.gnu.build-id)

.hash
 *(.hash)

.gnu.hash
 *(.gnu.hash)

.dynsym
 *(.dynsym)

.dynstr
 *(.dynstr)

.gnu.version
 *(.gnu.version)

.gnu.version_d
 *(.gnu.version_d)

.gnu.version_r
 *(.gnu.version_r)

.rel.dyn        0x0000000008048094        0x0
 *(.rel.init)
 *(.rel.text .rel.text.* .rel.gnu.linkonce.t.*)
 .rel.text      0x0000000008048094        0x0 kernel/kernel.o
 *(.rel.fini)
 *(.rel.rodata .rel.rodata.* .rel.gnu.linkonce.r.*)
 *(.rel.data.rel.ro .rel.data.rel.ro.* .rel.gnu.linkonce.d.rel.ro.*)
 *(.rel.data .rel.data.* .rel.gnu.linkonce.d.*)
 .rel.data      0x0000000008048094        0x0 kernel/kernel.o
 *(.rel.tdata .rel.tdata.* .rel.gnu.linkonce.td.*)
 *(.rel.tbss .rel.tbss.* .rel.gnu.linkonce.tb.*)
 *(.rel.ctors)
 *(.rel.dtors)
 *(.rel.got)
 *(.rel.bss .rel.bss.* .rel.gnu.linkonce.b.*)
 *(.rel.ifunc)

.rel.plt        0x0000000008048094        0x0
 *(.rel.plt)
                [!provide]                        PROVIDE (__rel_iplt_start, .)
 *(.rel.iplt)
 .rel.iplt      0x0000000008048094        0x0 kernel/kernel.o
                [!provide]                        PROVIDE (__rel_iplt_end, .)

.init
 *(SORT(.init))

.plt            0x00000000080480a0        0x0
 *(.plt)
 *(.iplt)
 .iplt          0x00000000080480a0        0x0 kernel/kernel.o

.plt.got
 *(.plt.got)

.text           0x0000000000001000     0xe398
 *(.text.unlikely .text.*_unlikely .text.unlikely.*)
 *(.text.exit .text.exit.*)
 *(.text.startup .text.startup.*)
 *(.text.hot .text.hot.*)
 *(.text .stub .text.* .gnu.linkonce.t.*)
 .text          0x0000000000001000      0x410 kernel/kernel.o
                0x0000000000001000                _start
                0x0000000000001040                hwint00
                0x0000000000001070                hwint01
                0x00000000000010a0                hwint02
                0x00000000000010d0                hwint03
                0x0000000000001100                hwint04
                0x0000000000001130                hwint05
                0x0000000000001160                hwint06
                0x0000000000001190                hwint07
                0x00000000000011c0                hwint08
                0x00000000000011f0                hwint09
                0x0000000000001220                hwint10
                0x0000000000001250                hwint11
                0x0000000000001280                hwint12
                0x00000000000012b0                hwint13
                0x00000000000012e0                hwint14
                0x0000000000001310                hwint15
                0x0000000000001334                divide_error
                0x000000000000133a                single_step_exception
                0x0000000000001340                nmi
                0x0000000000001346                breakpoint_exception
                0x000000000000134c                overflow
                0x0000000000001352                bounds_check
                0x0000000000001358                inval_opcode
                0x000000000000135e                copr_not_available
                0x0000000000001364                double_fault
                0x0000000000001368                copr_seg_overrun
                0x000000000000136e                inval_tss
                0x0000000000001372                segment_not_present
                0x0000000000001376                stack_exception
                0x000000000000137a                general_protection
                0x000000000000137e                page_fault
                0x0000000000001382                copr_error
                0x00000000000013cb                sys_call
                0x00000000000013eb                restart
 .text          0x0000000000001410       0x95 kernel/start.o
                0x0000000000001410                cstart
 .text          0x00000000000014a5     0x2c7b kernel/main.o
                0x00000000000014a5                kernel_main
                0x00000000000017c3                get_ticks
                0x0000000000001803                untar
                0x00000000000019c1                Init
                0x0000000000001ae3                TestA
                0x0000000000001ae8                TestB
                0x0000000000001aed                TestC
                0x0000000000001af2                panic
                0x0000000000001b38                shabby_shell
                0x00000000000023f8                checkFilename
                0x00000000000024a2                getFullname
                0x0000000000002506                welcome
                0x00000000000025df                clear
                0x0000000000002612                off
                0x0000000000002618                showProcess
                0x000000000000275a                killProcess
                0x000000000000282b                makeProcess
                0x000000000000290e                help
                0x0000000000002a17                information
                0x0000000000002a9e                initFS
                0x0000000000002bd4                isDir
                0x0000000000002c19                getFilepath
                0x0000000000002c35                getDirFilepath
                0x0000000000002c64                getDirpathAndFilename
                0x0000000000002d59                getFreeFilePos
                0x0000000000002da3                getFreeDirPos
                0x0000000000002ded                getPosInDirQueue
                0x0000000000002e37                addFileIntoDir
                0x0000000000002ec6                deleteFileFromDir
                0x000000000000301e                createFile
                0x00000000000030de                updateDir
                0x00000000000032d8                createDir
                0x0000000000003583                readFile
                0x0000000000003691                editCover
                0x0000000000003753                editAppand
                0x0000000000003854                deleteFile
                0x00000000000038a3                deleteDir
                0x0000000000003aa1                ls
                0x0000000000003b28                cd
                0x0000000000003d49                miniRead
                0x0000000000003dd4                miniWrite
                0x0000000000003e49                truncateFile
                0x0000000000003ea9                extendFile
                0x0000000000004022                rewriteFile
 .text          0x0000000000004120      0x10d kernel/clock.o
                0x0000000000004120                clock_handler
                0x000000000000419b                milli_delay
                0x00000000000041d5                init_clock
 .text          0x000000000000422d      0x6da kernel/keyboard.o
                0x000000000000422d                keyboard_handler
                0x0000000000004297                init_keyboard
                0x0000000000004346                keyboard_read
 .text          0x0000000000004907      0xa83 kernel/tty.o
                0x0000000000004907                task_tty
                0x0000000000004b16                in_process
                0x000000000000508a                sys_printx
                0x0000000000005229                dump_tty_buf
 .text          0x000000000000538a      0x7d7 kernel/console.o
                0x000000000000538a                init_screen
                0x00000000000054fe                out_char
                0x00000000000057db                is_current_console
                0x00000000000058ce                select_console
                0x000000000000590e                scroll_screen
 .text          0x0000000000005b61      0x130 kernel/i8259.o
                0x0000000000005b61                init_8259A
                0x0000000000005c36                spurious_irq
                0x0000000000005c6d                put_irq_handler
 .text          0x0000000000005c91        0x0 kernel/global.o
 .text          0x0000000000005c91      0x65f kernel/protect.o
                0x0000000000005c91                init_prot
                0x00000000000060f9                seg2linear
                0x0000000000006148                init_desc
                0x00000000000061b5                exception_handler
 .text          0x00000000000062f0     0x1622 kernel/proc.o
                0x00000000000062f0                schedule
                0x000000000000637c                sys_sendrec
                0x000000000000649c                ldt_seg_linear
                0x00000000000064e6                va2la
                0x0000000000006547                reset_msg
                0x0000000000007347                inform_int
                0x00000000000074b7                dump_proc
                0x00000000000077f3                dump_msg
 .text          0x0000000000007912      0x2dd kernel/systask.o
                0x0000000000007912                task_sys
 .text          0x0000000000007bef      0xe6d kernel/hd.o
                0x0000000000007bef                task_hd
                0x0000000000008a31                hd_handler
 *fill*         0x0000000000008a5c        0x4 
 .text          0x0000000000008a60      0x19a kernel/kliba.o
                0x0000000000008a60                disp_str
                0x0000000000008a9e                disp_color_str
                0x0000000000008add                out_byte
                0x0000000000008ae9                in_byte
                0x0000000000008af3                port_read
                0x0000000000008b06                port_write
                0x0000000000008b19                disable_irq
                0x0000000000008b4e                enable_irq
                0x0000000000008b6d                disable_int
                0x0000000000008b6f                enable_int
                0x0000000000008b71                glitter
 .text          0x0000000000008bfa      0x416 kernel/klib.o
                0x0000000000008bfa                get_boot_params
                0x0000000000008c80                get_kernel_map
                0x0000000000008d90                itoa
                0x0000000000008e3b                disp_int
                0x0000000000008e62                delay
                0x0000000000008ea9                str2Int
                0x0000000000008f46                getMag
                0x0000000000008f7c                getSize
                0x0000000000008fae                showFormatString
 .text          0x0000000000009010       0x6f lib/syslog.o
                0x0000000000009010                syslog
 .text          0x000000000000907f      0x1bc mm/main.o
                0x000000000000907f                task_mm
                0x00000000000091b6                alloc_mem
                0x0000000000009231                free_mem
 .text          0x000000000000923b      0x5e1 mm/forkexit.o
                0x000000000000923b                do_fork
                0x0000000000009582                do_exit
                0x000000000000975d                do_wait
 .text          0x000000000000981c      0x356 mm/exec.o
                0x000000000000981c                do_exec
 .text          0x0000000000009b72     0x10c4 fs/main.o
                0x0000000000009b72                task_fs
                0x000000000000a5fd                rw_sector
                0x000000000000a83e                get_super_block
                0x000000000000a884                get_inode
                0x000000000000a9e7                put_inode
                0x000000000000aa25                sync_inode
 .text          0x000000000000ac36      0xaaf fs/open.o
                0x000000000000ac36                do_open
                0x000000000000b078                do_close
                0x000000000000b0f3                do_lseek
 .text          0x000000000000b6e5      0x3bb fs/misc.o
                0x000000000000b6e5                do_stat
                0x000000000000b8b6                search_file
                0x000000000000ba15                strip_path
 .text          0x000000000000baa0      0x49a fs/read_write.o
                0x000000000000baa0                do_rdwt
 .text          0x000000000000bf3a      0x811 fs/link.o
                0x000000000000bf3a                do_unlink
 .text          0x000000000000c74b     0x1fc1 fs/disklog.o
                0x000000000000c74b                disklog
                0x000000000000ccb8                dump_fd_graph
 .text          0x000000000000e70c       0xad lib/orangescrt.a(printf.o)
                0x000000000000e70c                printf
                0x000000000000e777                printl
 .text          0x000000000000e7b9      0x305 lib/orangescrt.a(vsprintf.o)
                0x000000000000e817                vsprintf
                0x000000000000ea98                sprintf
 *fill*         0x000000000000eabe        0x2 
 .text          0x000000000000eac0       0x78 lib/orangescrt.a(string.o)
                0x000000000000eac0                memcpy
                0x000000000000eae9                memset
                0x000000000000eb0a                strcpy
                0x000000000000eb22                strlen
 .text          0x000000000000eb38      0x30c lib/orangescrt.a(misc.o)
                0x000000000000eb38                send_recv
                0x000000000000ebf5                memcmp
                0x000000000000ec6b                strcmp
                0x000000000000ecde                strcat
                0x000000000000ed3d                strjin
                0x000000000000edaf                strrpl
                0x000000000000edf0                spin
                0x000000000000ee0b                assertion_failure
 .text          0x000000000000ee44       0x6f lib/orangescrt.a(open.o)
                0x000000000000ee44                open
 .text          0x000000000000eeb3       0x40 lib/orangescrt.a(read.o)
                0x000000000000eeb3                read
 .text          0x000000000000eef3       0x40 lib/orangescrt.a(write.o)
                0x000000000000eef3                write
 .text          0x000000000000ef33       0x34 lib/orangescrt.a(close.o)
                0x000000000000ef33                close
 .text          0x000000000000ef67       0x45 lib/orangescrt.a(unlink.o)
                0x000000000000ef67                unlink
 .text          0x000000000000efac       0x52 lib/orangescrt.a(getpid.o)
                0x000000000000efac                getpid
 .text          0x000000000000effe       0x6f lib/orangescrt.a(stat.o)
                0x000000000000effe                stat
 .text          0x000000000000f06d       0x72 lib/orangescrt.a(fork.o)
                0x000000000000f06d                fork
 .text          0x000000000000f0df       0x45 lib/orangescrt.a(wait.o)
                0x000000000000f0df                wait
 .text          0x000000000000f124      0x243 lib/orangescrt.a(exec.o)
                0x000000000000f124                exec
                0x000000000000f19b                execl
                0x000000000000f1c0                execv
 *fill*         0x000000000000f367        0x9 
 .text          0x000000000000f370       0x28 lib/orangescrt.a(syscall.o)
                0x000000000000f370                sendrec
                0x000000000000f38a                printx
 *(.gnu.warning)

.fini
 *(SORT(.fini))
                [!provide]                        PROVIDE (__etext, .)
                [!provide]                        PROVIDE (_etext, .)
                [!provide]                        PROVIDE (etext, .)

.rodata         0x000000000000f3a0     0x33d3
 *(.rodata .rodata.* .gnu.linkonce.r.*)
 .rodata        0x000000000000f3a0       0x47 kernel/start.o
 *fill*         0x000000000000f3e7        0x1 
 .rodata        0x000000000000f3e8      0xfeb kernel/main.o
 *fill*         0x00000000000103d3        0x1 
 .rodata        0x00000000000103d4       0x64 kernel/keyboard.o
 .rodata        0x0000000000010438      0x168 kernel/tty.o
 .rodata        0x00000000000105a0       0x5b kernel/console.o
 .rodata        0x00000000000105fb       0x11 kernel/i8259.o
 .rodata        0x000000000001060c       0x10 kernel/global.o
                0x000000000001060c                FSBUF_SIZE
                0x0000000000010610                MMBUF_SIZE
                0x0000000000010614                LOGBUF_SIZE
                0x0000000000010618                LOGDISKBUF_SIZE
 *fill*         0x000000000001061c        0x4 
 .rodata        0x0000000000010620      0x580 kernel/protect.o
 .rodata        0x0000000000010ba0      0x5da kernel/proc.o
 .rodata        0x000000000001117a       0x11 kernel/systask.o
 *fill*         0x000000000001118b        0x1 
 .rodata        0x000000000001118c      0x1df kernel/hd.o
 *fill*         0x000000000001136b        0x1 
 .rodata        0x000000000001136c       0x6d kernel/klib.o
 .rodata        0x00000000000113d9       0x1e lib/syslog.o
 *fill*         0x00000000000113f7        0x1 
 .rodata        0x00000000000113f8       0xb1 mm/main.o
 *fill*         0x00000000000114a9        0x3 
 .rodata        0x00000000000114ac       0xe7 mm/forkexit.o
 *fill*         0x0000000000011593        0x1 
 .rodata        0x0000000000011594       0xa4 mm/exec.o
 .rodata        0x0000000000011638      0x29a fs/main.o
 *fill*         0x00000000000118d2        0x2 
 .rodata        0x00000000000118d4      0x13c fs/open.o
 .rodata        0x0000000000011a10       0x60 fs/misc.o
 .rodata        0x0000000000011a70      0x164 fs/read_write.o
 .rodata        0x0000000000011bd4      0x1ad fs/link.o
 *fill*         0x0000000000011d81        0x3 
 .rodata        0x0000000000011d84      0x806 fs/disklog.o
 .rodata        0x000000000001258a       0x14 lib/orangescrt.a(printf.o)
 *fill*         0x000000000001259e        0x2 
 .rodata        0x00000000000125a0       0xad lib/orangescrt.a(misc.o)
 .rodata        0x000000000001264d       0x23 lib/orangescrt.a(open.o)
 .rodata        0x0000000000012670       0x25 lib/orangescrt.a(getpid.o)
 .rodata        0x0000000000012695       0x23 lib/orangescrt.a(stat.o)
 .rodata        0x00000000000126b8       0x33 lib/orangescrt.a(fork.o)
 *fill*         0x00000000000126eb        0x1 
 .rodata        0x00000000000126ec       0x87 lib/orangescrt.a(exec.o)

.rodata1
 *(.rodata1)

.eh_frame_hdr
 *(.eh_frame_hdr)
 *(.eh_frame_entry .eh_frame_entry.*)

.eh_frame       0x0000000000012774     0x17c0
 *(.eh_frame)
 .eh_frame      0x0000000000012774       0x38 kernel/start.o
 .eh_frame      0x00000000000127ac      0x56c kernel/main.o
                                        0x584 (size before relaxing)
 .eh_frame      0x0000000000012d18       0x60 kernel/clock.o
                                         0x78 (size before relaxing)
 .eh_frame      0x0000000000012d78       0xe0 kernel/keyboard.o
                                         0xf8 (size before relaxing)
 .eh_frame      0x0000000000012e58      0x13c kernel/tty.o
                                        0x154 (size before relaxing)
 .eh_frame      0x0000000000012f94      0x144 kernel/console.o
                                        0x15c (size before relaxing)
 .eh_frame      0x00000000000130d8       0x60 kernel/i8259.o
                                         0x78 (size before relaxing)
 .eh_frame      0x0000000000013138       0xb0 kernel/protect.o
                                         0xc8 (size before relaxing)
 .eh_frame      0x00000000000131e8      0x1b8 kernel/proc.o
                                        0x1d0 (size before relaxing)
 .eh_frame      0x00000000000133a0       0x5c kernel/systask.o
                                         0x74 (size before relaxing)
 .eh_frame      0x00000000000133fc      0x1f0 kernel/hd.o
                                        0x208 (size before relaxing)
 .eh_frame      0x00000000000135ec      0x124 kernel/klib.o
                                        0x13c (size before relaxing)
 .eh_frame      0x0000000000013710       0x20 lib/syslog.o
                                         0x38 (size before relaxing)
 .eh_frame      0x0000000000013730       0x7c mm/main.o
                                         0x94 (size before relaxing)
 .eh_frame      0x00000000000137ac       0x90 mm/forkexit.o
                                         0xa8 (size before relaxing)
 .eh_frame      0x000000000001383c       0x2c mm/exec.o
                                         0x44 (size before relaxing)
 .eh_frame      0x0000000000013868      0x170 fs/main.o
                                        0x188 (size before relaxing)
 .eh_frame      0x00000000000139d8      0x120 fs/open.o
                                        0x138 (size before relaxing)
 .eh_frame      0x0000000000013af8       0x68 fs/misc.o
                                         0x80 (size before relaxing)
 .eh_frame      0x0000000000013b60       0x2c fs/read_write.o
                                         0x44 (size before relaxing)
 .eh_frame      0x0000000000013b8c       0x2c fs/link.o
                                         0x44 (size before relaxing)
 .eh_frame      0x0000000000013bb8       0x60 fs/disklog.o
                                         0x78 (size before relaxing)
 .eh_frame      0x0000000000013c18       0x40 lib/orangescrt.a(printf.o)
                                         0x58 (size before relaxing)
 .eh_frame      0x0000000000013c58       0x60 lib/orangescrt.a(vsprintf.o)
                                         0x78 (size before relaxing)
 .eh_frame      0x0000000000013cb8       0xfc lib/orangescrt.a(misc.o)
                                        0x114 (size before relaxing)
 .eh_frame      0x0000000000013db4       0x20 lib/orangescrt.a(open.o)
                                         0x38 (size before relaxing)
 .eh_frame      0x0000000000013dd4       0x20 lib/orangescrt.a(read.o)
                                         0x38 (size before relaxing)
 .eh_frame      0x0000000000013df4       0x20 lib/orangescrt.a(write.o)
                                         0x38 (size before relaxing)
 .eh_frame      0x0000000000013e14       0x20 lib/orangescrt.a(close.o)
                                         0x38 (size before relaxing)
 .eh_frame      0x0000000000013e34       0x20 lib/orangescrt.a(unlink.o)
                                         0x38 (size before relaxing)
 .eh_frame      0x0000000000013e54       0x20 lib/orangescrt.a(getpid.o)
                                         0x38 (size before relaxing)
 .eh_frame      0x0000000000013e74       0x20 lib/orangescrt.a(stat.o)
                                         0x38 (size before relaxing)
 .eh_frame      0x0000000000013e94       0x20 lib/orangescrt.a(fork.o)
                                         0x38 (size before relaxing)
 .eh_frame      0x0000000000013eb4       0x20 lib/orangescrt.a(wait.o)
                                         0x38 (size before relaxing)
 .eh_frame      0x0000000000013ed4       0x60 lib/orangescrt.a(exec.o)
                                         0x78 (size before relaxing)
 *(.eh_frame.*)

.gcc_except_table
 *(.gcc_except_table .gcc_except_table.*)

.gnu_extab
 *(.gnu_extab*)

.exception_ranges
 *(.exception_ranges .exception_ranges*)
                0x0000000000014000                . = DATA_SEGMENT_ALIGN (0x1000, 0x1000)

.eh_frame
 *(.eh_frame)
 *(.eh_frame.*)

.gnu_extab
 *(.gnu_extab)

.gcc_except_table
 *(.gcc_except_table .gcc_except_table.*)

.exception_ranges
 *(.exception_ranges .exception_ranges*)

.tdata
 *(.tdata .tdata.* .gnu.linkonce.td.*)

.tbss
 *(.tbss .tbss.* .gnu.linkonce.tb.*)
 *(.tcommon)

.preinit_array  0x0000000000014000        0x0
                [!provide]                        PROVIDE (__preinit_array_start, .)
 *(.preinit_array)
                [!provide]                        PROVIDE (__preinit_array_end, .)

.init_array     0x0000000000014000        0x0
                [!provide]                        PROVIDE (__init_array_start, .)
 *(SORT(.init_array.*) SORT(.ctors.*))
 *(.init_array EXCLUDE_FILE(*crtend?.o *crtend.o *crtbegin?.o *crtbegin.o) .ctors)
                [!provide]                        PROVIDE (__init_array_end, .)

.fini_array     0x0000000000014000        0x0
                [!provide]                        PROVIDE (__fini_array_start, .)
 *(SORT(.fini_array.*) SORT(.dtors.*))
 *(.fini_array EXCLUDE_FILE(*crtend?.o *crtend.o *crtbegin?.o *crtbegin.o) .dtors)
                [!provide]                        PROVIDE (__fini_array_end, .)

.ctors
 *crtbegin.o(.ctors)
 *crtbegin?.o(.ctors)
 *(EXCLUDE_FILE(*crtend?.o *crtend.o) .ctors)
 *(SORT(.ctors.*))
 *(.ctors)

.dtors
 *crtbegin.o(.dtors)
 *crtbegin?.o(.dtors)
 *(EXCLUDE_FILE(*crtend?.o *crtend.o) .dtors)
 *(SORT(.dtors.*))
 *(.dtors)

.jcr
 *(.jcr)

.data.rel.ro
 *(.data.rel.ro.local* .gnu.linkonce.d.rel.ro.local.*)
 *(.data.rel.ro .data.rel.ro.* .gnu.linkonce.d.rel.ro.*)

.dynamic
 *(.dynamic)

.got
 *(.got)
 *(.igot)
                0x0000000000014000                . = DATA_SEGMENT_RELRO_END (., (SIZEOF (.got.plt) >= 0xc)?0xc:0x0)

.got.plt        0x0000000000014000        0x0
 *(.got.plt)
 *(.igot.plt)
 .igot.plt      0x0000000000014000        0x0 kernel/kernel.o

.data           0x0000000000014000      0x834
 *(.data .data.* .gnu.linkonce.d.*)
 .data          0x0000000000014000        0x2 kernel/kernel.o
 .data          0x0000000000014002        0x0 kernel/start.o
 *fill*         0x0000000000014002       0x1e 
 .data          0x0000000000014020       0x20 kernel/main.o
                0x0000000000014020                location
 .data          0x0000000000014040        0x0 kernel/clock.o
 .data          0x0000000000014040      0x600 kernel/keyboard.o
                0x0000000000014040                keymap
 .data          0x0000000000014640       0x22 kernel/tty.o
 .data          0x0000000000014662        0x0 kernel/console.o
 .data          0x0000000000014662        0x0 kernel/i8259.o
 *fill*         0x0000000000014662       0x1e 
 .data          0x0000000000014680      0x1b4 kernel/global.o
                0x0000000000014680                task_table
                0x0000000000014760                user_proc_table
                0x0000000000014800                sys_call_table
                0x000000000001480c                dd_map
                0x0000000000014824                fsbuf
                0x0000000000014828                mmbuf
                0x000000000001482c                logbuf
                0x0000000000014830                logdiskbuf
 .data          0x0000000000014834        0x0 kernel/protect.o
 .data          0x0000000000014834        0x0 kernel/proc.o
 .data          0x0000000000014834        0x0 kernel/systask.o
 .data          0x0000000000014834        0x0 kernel/hd.o
 .data          0x0000000000014834        0x0 kernel/klib.o
 .data          0x0000000000014834        0x0 lib/syslog.o
 .data          0x0000000000014834        0x0 mm/main.o
 .data          0x0000000000014834        0x0 mm/forkexit.o
 .data          0x0000000000014834        0x0 mm/exec.o
 .data          0x0000000000014834        0x0 fs/main.o
 .data          0x0000000000014834        0x0 fs/open.o
 .data          0x0000000000014834        0x0 fs/misc.o
 .data          0x0000000000014834        0x0 fs/read_write.o
 .data          0x0000000000014834        0x0 fs/link.o
 .data          0x0000000000014834        0x0 fs/disklog.o
 .data          0x0000000000014834        0x0 lib/orangescrt.a(printf.o)
 .data          0x0000000000014834        0x0 lib/orangescrt.a(vsprintf.o)
 .data          0x0000000000014834        0x0 lib/orangescrt.a(misc.o)
 .data          0x0000000000014834        0x0 lib/orangescrt.a(open.o)
 .data          0x0000000000014834        0x0 lib/orangescrt.a(read.o)
 .data          0x0000000000014834        0x0 lib/orangescrt.a(write.o)
 .data          0x0000000000014834        0x0 lib/orangescrt.a(close.o)
 .data          0x0000000000014834        0x0 lib/orangescrt.a(unlink.o)
 .data          0x0000000000014834        0x0 lib/orangescrt.a(getpid.o)
 .data          0x0000000000014834        0x0 lib/orangescrt.a(stat.o)
 .data          0x0000000000014834        0x0 lib/orangescrt.a(fork.o)
 .data          0x0000000000014834        0x0 lib/orangescrt.a(wait.o)
 .data          0x0000000000014834        0x0 lib/orangescrt.a(exec.o)

.data1
 *(.data1)
                0x0000000000014834                _edata = .
                [!provide]                        PROVIDE (edata, .)
                0x0000000000014834                . = .
                0x0000000000014834                __bss_start = .

.bss            0x0000000000014840    0x2aa98
 *(.dynbss)
 *(.bss .bss.* .gnu.linkonce.b.*)
 .bss           0x0000000000014840      0x800 kernel/kernel.o
 .bss           0x0000000000015040        0x0 kernel/start.o
 .bss           0x0000000000015040        0x8 kernel/main.o
                0x0000000000015040                filecount
                0x0000000000015044                dircount
 .bss           0x0000000000015048        0x0 kernel/clock.o
 *fill*         0x0000000000015048       0x18 
 .bss           0x0000000000015060       0x58 kernel/keyboard.o
 .bss           0x00000000000150b8        0x0 kernel/tty.o
 .bss           0x00000000000150b8        0x0 kernel/console.o
 .bss           0x00000000000150b8        0x0 kernel/i8259.o
 .bss           0x00000000000150b8        0x0 kernel/global.o
 .bss           0x00000000000150b8        0x0 kernel/protect.o
 .bss           0x00000000000150b8        0x0 kernel/proc.o
 .bss           0x00000000000150b8        0x0 kernel/systask.o
 *fill*         0x00000000000150b8        0x8 
 .bss           0x00000000000150c0      0x64c kernel/hd.o
 .bss           0x000000000001570c        0x0 kernel/klib.o
 .bss           0x000000000001570c        0x0 lib/syslog.o
 .bss           0x000000000001570c        0x0 mm/main.o
 .bss           0x000000000001570c        0x0 mm/forkexit.o
 .bss           0x000000000001570c        0x0 mm/exec.o
 .bss           0x000000000001570c        0x0 fs/main.o
 .bss           0x000000000001570c        0x0 fs/open.o
 .bss           0x000000000001570c        0x0 fs/misc.o
 .bss           0x000000000001570c        0x0 fs/read_write.o
 .bss           0x000000000001570c        0x0 fs/link.o
 *fill*         0x000000000001570c       0x14 
 .bss           0x0000000000015720      0x208 fs/disklog.o
 .bss           0x0000000000015928        0x0 lib/orangescrt.a(printf.o)
 .bss           0x0000000000015928        0x0 lib/orangescrt.a(vsprintf.o)
 .bss           0x0000000000015928        0x0 lib/orangescrt.a(misc.o)
 .bss           0x0000000000015928        0x0 lib/orangescrt.a(open.o)
 .bss           0x0000000000015928        0x0 lib/orangescrt.a(read.o)
 .bss           0x0000000000015928        0x0 lib/orangescrt.a(write.o)
 .bss           0x0000000000015928        0x0 lib/orangescrt.a(close.o)
 .bss           0x0000000000015928        0x0 lib/orangescrt.a(unlink.o)
 .bss           0x0000000000015928        0x0 lib/orangescrt.a(getpid.o)
 .bss           0x0000000000015928        0x0 lib/orangescrt.a(stat.o)
 .bss           0x0000000000015928        0x0 lib/orangescrt.a(fork.o)
 .bss           0x0000000000015928        0x0 lib/orangescrt.a(wait.o)
 .bss           0x0000000000015928        0x0 lib/orangescrt.a(exec.o)
 *(COMMON)
 *fill*         0x0000000000015928       0x18 
 COMMON         0x0000000000015940     0x1500 kernel/main.o
                0x0000000000015940                filequeue
                0x0000000000015a80                dirs
                0x0000000000015e80                dirmap
                0x0000000000015f00                dirqueue
                0x0000000000016040                files
                0x0000000000016a40                dir
 COMMON         0x0000000000016e40    0x28488 kernel/global.o
                0x0000000000016e40                idt_ptr
                0x0000000000016e60                inode_table
                0x0000000000017960                task_stack
                0x000000000003b960                k_reenter
                0x000000000003b980                gdt
                0x000000000003bd80                current_console
                0x000000000003bd84                pcaller
                0x000000000003bda0                tty_table
                0x000000000003ca20                tss
                0x000000000003caa0                fs_msg
                0x000000000003cb50                memory_size
                0x000000000003cb60                f_desc_table
                0x000000000003cf60                root_inode
                0x000000000003cf64                disp_pos
                0x000000000003cf80                mm_msg
                0x000000000003d030                key_pressed
                0x000000000003d034                gdt_ptr
                0x000000000003d040                idt
                0x000000000003d840                super_block
                0x000000000003da20                ticks
                0x000000000003da40                console_table
                0x000000000003da80                irq_table
                0x000000000003dac0                p_proc_ready
                0x000000000003dae0                proc_table
 COMMON         0x000000000003f2c8       0x10 kernel/hd.o
                0x000000000003f2c8                PARTITION_ENTRY
                0x000000000003f2d8                . = ALIGN ((. != 0x0)?0x4:0x1)
                0x000000000003f2d8                . = ALIGN (0x4)
                0x000000000003f2d8                . = SEGMENT_START ("ldata-segment", .)
                0x000000000003f2d8                . = ALIGN (0x4)
                0x000000000003f2d8                _end = .
                [!provide]                        PROVIDE (end, .)
                0x000000000003f2d8                . = DATA_SEGMENT_END (.)

.stab
 *(.stab)

.stabstr
 *(.stabstr)

.stab.excl
 *(.stab.excl)

.stab.exclstr
 *(.stab.exclstr)

.stab.index
 *(.stab.index)

.stab.indexstr
 *(.stab.indexstr)

.comment        0x0000000000000000       0x35
 *(.comment)
 .comment       0x0000000000000000       0x35 kernel/start.o
                                         0x36 (size before relaxing)
 .comment       0x0000000000000035       0x36 kernel/main.o
 .comment       0x0000000000000035       0x36 kernel/clock.o
 .comment       0x0000000000000035       0x36 kernel/keyboard.o
 .comment       0x0000000000000035       0x36 kernel/tty.o
 .comment       0x0000000000000035       0x36 kernel/console.o
 .comment       0x0000000000000035       0x36 kernel/i8259.o
 .comment       0x0000000000000035       0x36 kernel/global.o
 .comment       0x0000000000000035       0x36 kernel/protect.o
 .comment       0x0000000000000035       0x36 kernel/proc.o
 .comment       0x0000000000000035       0x36 kernel/systask.o
 .comment       0x0000000000000035       0x36 kernel/hd.o
 .comment       0x0000000000000035       0x36 kernel/klib.o
 .comment       0x0000000000000035       0x36 lib/syslog.o
 .comment       0x0000000000000035       0x36 mm/main.o
 .comment       0x0000000000000035       0x36 mm/forkexit.o
 .comment       0x0000000000000035       0x36 mm/exec.o
 .comment       0x0000000000000035       0x36 fs/main.o
 .comment       0x0000000000000035       0x36 fs/open.o
 .comment       0x0000000000000035       0x36 fs/misc.o
 .comment       0x0000000000000035       0x36 fs/read_write.o
 .comment       0x0000000000000035       0x36 fs/link.o
 .comment       0x0000000000000035       0x36 fs/disklog.o
 .comment       0x0000000000000035       0x36 lib/orangescrt.a(printf.o)
 .comment       0x0000000000000035       0x36 lib/orangescrt.a(vsprintf.o)
 .comment       0x0000000000000035       0x36 lib/orangescrt.a(misc.o)
 .comment       0x0000000000000035       0x36 lib/orangescrt.a(open.o)
 .comment       0x0000000000000035       0x36 lib/orangescrt.a(read.o)
 .comment       0x0000000000000035       0x36 lib/orangescrt.a(write.o)
 .comment       0x0000000000000035       0x36 lib/orangescrt.a(close.o)
 .comment       0x0000000000000035       0x36 lib/orangescrt.a(unlink.o)
 .comment       0x0000000000000035       0x36 lib/orangescrt.a(getpid.o)
 .comment       0x0000000000000035       0x36 lib/orangescrt.a(stat.o)
 .comment       0x0000000000000035       0x36 lib/orangescrt.a(fork.o)
 .comment       0x0000000000000035       0x36 lib/orangescrt.a(wait.o)
 .comment       0x0000000000000035       0x36 lib/orangescrt.a(exec.o)

.debug
 *(.debug)

.line
 *(.line)

.debug_srcinfo
 *(.debug_srcinfo)

.debug_sfnames
 *(.debug_sfnames)

.debug_aranges
 *(.debug_aranges)

.debug_pubnames
 *(.debug_pubnames)

.debug_info
 *(.debug_info .gnu.linkonce.wi.*)

.debug_abbrev
 *(.debug_abbrev)

.debug_line
 *(.debug_line .debug_line.* .debug_line_end)

.debug_frame
 *(.debug_frame)

.debug_str
 *(.debug_str)

.debug_loc
 *(.debug_loc)

.debug_macinfo
 *(.debug_macinfo)

.debug_weaknames
 *(.debug_weaknames)

.debug_funcnames
 *(.debug_funcnames)

.debug_typenames
 *(.debug_typenames)

.debug_varnames
 *(.debug_varnames)

.debug_pubtypes
 *(.debug_pubtypes)

.debug_ranges
 *(.debug_ranges)

.debug_macro
 *(.debug_macro)

.gnu.attributes
 *(.gnu.attributes)

/DISCARD/
 *(.note.GNU-stack)
 *(.gnu_debuglink)
 *(.gnu.lto_*)
OUTPUT(kernel.bin elf32-i386)
