Archive member included to satisfy reference by file (symbol)

lib/orangescrt.a(printf.o)    kernel/main.o (printf)
lib/orangescrt.a(vsprintf.o)  kernel/main.o (vsprintf)
lib/orangescrt.a(string.o)    kernel/start.o (memcpy)
lib/orangescrt.a(misc.o)      kernel/main.o (send_recv)
lib/orangescrt.a(open.o)      kernel/main.o (open)
lib/orangescrt.a(read.o)      kernel/main.o (read)
lib/orangescrt.a(write.o)     kernel/main.o (write)
lib/orangescrt.a(close.o)     kernel/main.o (close)
lib/orangescrt.a(unlink.o)    kernel/main.o (unlink)
lib/orangescrt.a(getpid.o)    fs/disklog.o (getpid)
lib/orangescrt.a(stat.o)      mm/exec.o (stat)
lib/orangescrt.a(fork.o)      kernel/main.o (fork)
lib/orangescrt.a(wait.o)      kernel/main.o (wait)
lib/orangescrt.a(exec.o)      kernel/main.o (execv)
lib/orangescrt.a(syscall.o)   lib/orangescrt.a(misc.o) (sendrec)

Allocating common symbols
Common symbol       size              file

idt_ptr             0x6               kernel/global.o
inode_table         0xb00             kernel/global.o
task_stack          0x24000           kernel/global.o
dirmap              0x80              kernel/main.o
k_reenter           0x4               kernel/global.o
gdt                 0x400             kernel/global.o
current_console     0x4               kernel/global.o
pcaller             0x4               kernel/global.o
tty_table           0xc6c             kernel/global.o
tss                 0x68              kernel/global.o
fs_msg              0xb0              kernel/global.o
memory_size         0x4               kernel/global.o
f_desc_table        0x400             kernel/global.o
root_inode          0x4               kernel/global.o
disp_pos            0x4               kernel/global.o
mm_msg              0xb0              kernel/global.o
key_pressed         0x4               kernel/global.o
gdt_ptr             0x6               kernel/global.o
dir                 0x400             kernel/main.o
idt                 0x800             kernel/global.o
super_block         0x1e0             kernel/global.o
PARTITION_ENTRY     0x10              kernel/hd.o
ticks               0x4               kernel/global.o
console_table       0x3c              kernel/global.o
irq_table           0x40              kernel/global.o
p_proc_ready        0x4               kernel/global.o
proc_table          0x17e8            kernel/global.o

Discarded input sections

 .note.GNU-stack
                0x0000000000000000        0x0 kernel/start.o
 .note.GNU-stack
                0x0000000000000000        0x0 kernel/main.o
 .note.GNU-stack
                0x0000000000000000        0x0 kernel/clock.o
 .note.GNU-stack
                0x0000000000000000        0x0 kernel/keyboard.o
 .note.GNU-stack
                0x0000000000000000        0x0 kernel/tty.o
 .note.GNU-stack
                0x0000000000000000        0x0 kernel/console.o
 .note.GNU-stack
                0x0000000000000000        0x0 kernel/i8259.o
 .note.GNU-stack
                0x0000000000000000        0x0 kernel/global.o
 .note.GNU-stack
                0x0000000000000000        0x0 kernel/protect.o
 .note.GNU-stack
                0x0000000000000000        0x0 kernel/proc.o
 .note.GNU-stack
                0x0000000000000000        0x0 kernel/systask.o
 .note.GNU-stack
                0x0000000000000000        0x0 kernel/hd.o
 .note.GNU-stack
                0x0000000000000000        0x0 kernel/klib.o
 .note.GNU-stack
                0x0000000000000000        0x0 lib/syslog.o
 .note.GNU-stack
                0x0000000000000000        0x0 mm/main.o
 .note.GNU-stack
                0x0000000000000000        0x0 mm/forkexit.o
 .note.GNU-stack
                0x0000000000000000        0x0 mm/exec.o
 .note.GNU-stack
                0x0000000000000000        0x0 fs/main.o
 .note.GNU-stack
                0x0000000000000000        0x0 fs/open.o
 .note.GNU-stack
                0x0000000000000000        0x0 fs/misc.o
 .note.GNU-stack
                0x0000000000000000        0x0 fs/read_write.o
 .note.GNU-stack
                0x0000000000000000        0x0 fs/link.o
 .note.GNU-stack
                0x0000000000000000        0x0 fs/disklog.o
 .note.GNU-stack
                0x0000000000000000        0x0 lib/orangescrt.a(printf.o)
 .note.GNU-stack
                0x0000000000000000        0x0 lib/orangescrt.a(vsprintf.o)
 .note.GNU-stack
                0x0000000000000000        0x0 lib/orangescrt.a(misc.o)
 .note.GNU-stack
                0x0000000000000000        0x0 lib/orangescrt.a(open.o)
 .note.GNU-stack
                0x0000000000000000        0x0 lib/orangescrt.a(read.o)
 .note.GNU-stack
                0x0000000000000000        0x0 lib/orangescrt.a(write.o)
 .note.GNU-stack
                0x0000000000000000        0x0 lib/orangescrt.a(close.o)
 .note.GNU-stack
                0x0000000000000000        0x0 lib/orangescrt.a(unlink.o)
 .note.GNU-stack
                0x0000000000000000        0x0 lib/orangescrt.a(getpid.o)
 .note.GNU-stack
                0x0000000000000000        0x0 lib/orangescrt.a(stat.o)
 .note.GNU-stack
                0x0000000000000000        0x0 lib/orangescrt.a(fork.o)
 .note.GNU-stack
                0x0000000000000000        0x0 lib/orangescrt.a(wait.o)
 .note.GNU-stack
                0x0000000000000000        0x0 lib/orangescrt.a(exec.o)

Memory Configuration

Name             Origin             Length             Attributes
*default*        0x0000000000000000 0xffffffffffffffff

Linker script and memory map

Address of section .text set to 0x1000
LOAD kernel/kernel.o
LOAD kernel/start.o
LOAD kernel/main.o
LOAD kernel/clock.o
LOAD kernel/keyboard.o
LOAD kernel/tty.o
LOAD kernel/console.o
LOAD kernel/i8259.o
LOAD kernel/global.o
LOAD kernel/protect.o
LOAD kernel/proc.o
LOAD kernel/systask.o
LOAD kernel/hd.o
LOAD kernel/kliba.o
LOAD kernel/klib.o
LOAD lib/syslog.o
LOAD mm/main.o
LOAD mm/forkexit.o
LOAD mm/exec.o
LOAD fs/main.o
LOAD fs/open.o
LOAD fs/misc.o
LOAD fs/read_write.o
LOAD fs/link.o
LOAD fs/disklog.o
LOAD lib/orangescrt.a
                [!provide]                        PROVIDE (__executable_start, 0x8048000)
                0x0000000008048094                . = (0x8048000 + SIZEOF_HEADERS)

.interp
 *(.interp)

.note.gnu.build-id
 *(.note.gnu.build-id)

.hash
 *(.hash)

.gnu.hash
 *(.gnu.hash)

.dynsym
 *(.dynsym)

.dynstr
 *(.dynstr)

.gnu.version
 *(.gnu.version)

.gnu.version_d
 *(.gnu.version_d)

.gnu.version_r
 *(.gnu.version_r)

.rel.dyn        0x0000000008048094        0x0
 *(.rel.init)
 *(.rel.text .rel.text.* .rel.gnu.linkonce.t.*)
 .rel.text      0x0000000008048094        0x0 kernel/kernel.o
 *(.rel.fini)
 *(.rel.rodata .rel.rodata.* .rel.gnu.linkonce.r.*)
 *(.rel.data.rel.ro .rel.data.rel.ro.* .rel.gnu.linkonce.d.rel.ro.*)
 *(.rel.data .rel.data.* .rel.gnu.linkonce.d.*)
 .rel.data      0x0000000008048094        0x0 kernel/kernel.o
 *(.rel.tdata .rel.tdata.* .rel.gnu.linkonce.td.*)
 *(.rel.tbss .rel.tbss.* .rel.gnu.linkonce.tb.*)
 *(.rel.ctors)
 *(.rel.dtors)
 *(.rel.got)
 *(.rel.bss .rel.bss.* .rel.gnu.linkonce.b.*)
 *(.rel.ifunc)

.rel.plt        0x0000000008048094        0x0
 *(.rel.plt)
                [!provide]                        PROVIDE (__rel_iplt_start, .)
 *(.rel.iplt)
 .rel.iplt      0x0000000008048094        0x0 kernel/kernel.o
                [!provide]                        PROVIDE (__rel_iplt_end, .)

.init
 *(SORT(.init))

.plt            0x00000000080480a0        0x0
 *(.plt)
 *(.iplt)
 .iplt          0x00000000080480a0        0x0 kernel/kernel.o

.plt.got
 *(.plt.got)

.text           0x0000000000001000     0xd438
 *(.text.unlikely .text.*_unlikely .text.unlikely.*)
 *(.text.exit .text.exit.*)
 *(.text.startup .text.startup.*)
 *(.text.hot .text.hot.*)
 *(.text .stub .text.* .gnu.linkonce.t.*)
 .text          0x0000000000001000      0x410 kernel/kernel.o
                0x0000000000001000                _start
                0x0000000000001040                hwint00
                0x0000000000001070                hwint01
                0x00000000000010a0                hwint02
                0x00000000000010d0                hwint03
                0x0000000000001100                hwint04
                0x0000000000001130                hwint05
                0x0000000000001160                hwint06
                0x0000000000001190                hwint07
                0x00000000000011c0                hwint08
                0x00000000000011f0                hwint09
                0x0000000000001220                hwint10
                0x0000000000001250                hwint11
                0x0000000000001280                hwint12
                0x00000000000012b0                hwint13
                0x00000000000012e0                hwint14
                0x0000000000001310                hwint15
                0x0000000000001334                divide_error
                0x000000000000133a                single_step_exception
                0x0000000000001340                nmi
                0x0000000000001346                breakpoint_exception
                0x000000000000134c                overflow
                0x0000000000001352                bounds_check
                0x0000000000001358                inval_opcode
                0x000000000000135e                copr_not_available
                0x0000000000001364                double_fault
                0x0000000000001368                copr_seg_overrun
                0x000000000000136e                inval_tss
                0x0000000000001372                segment_not_present
                0x0000000000001376                stack_exception
                0x000000000000137a                general_protection
                0x000000000000137e                page_fault
                0x0000000000001382                copr_error
                0x00000000000013cb                sys_call
                0x00000000000013eb                restart
 .text          0x0000000000001410       0x95 kernel/start.o
                0x0000000000001410                cstart
 .text          0x00000000000014a5     0x1d11 kernel/main.o
                0x00000000000014a5                kernel_main
                0x00000000000017c0                get_ticks
                0x0000000000001800                untar
                0x00000000000019be                Init
                0x0000000000001ae0                TestA
                0x0000000000001ae5                TestB
                0x0000000000001aea                TestC
                0x0000000000001aef                panic
                0x0000000000001b35                shabby_shell
                0x0000000000002241                checkFilename
                0x00000000000022eb                getFullname
                0x000000000000234f                welcome
                0x0000000000002428                clear
                0x000000000000245b                help
                0x0000000000002564                initFS
                0x0000000000002672                isDir
                0x00000000000026b7                createFile
                0x000000000000274e                updateDir
                0x00000000000028e0                createDir
                0x0000000000002ab6                readFile
                0x0000000000002b95                deleteFile
                0x0000000000002be4                deleteDir
                0x0000000000002bea                ls
                0x0000000000002c5d                cd
                0x0000000000002e56                miniRead
                0x0000000000002ee1                miniWrite
                0x0000000000002f49                truncateFile
                0x0000000000002fa9                extendFile
                0x00000000000030c9                rewriteFile
 .text          0x00000000000031b6      0x10d kernel/clock.o
                0x00000000000031b6                clock_handler
                0x0000000000003231                milli_delay
                0x000000000000326b                init_clock
 .text          0x00000000000032c3      0x6da kernel/keyboard.o
                0x00000000000032c3                keyboard_handler
                0x000000000000332d                init_keyboard
                0x00000000000033dc                keyboard_read
 .text          0x000000000000399d      0xa83 kernel/tty.o
                0x000000000000399d                task_tty
                0x0000000000003bac                in_process
                0x0000000000004120                sys_printx
                0x00000000000042bf                dump_tty_buf
 .text          0x0000000000004420      0x7d7 kernel/console.o
                0x0000000000004420                init_screen
                0x0000000000004594                out_char
                0x0000000000004871                is_current_console
                0x0000000000004964                select_console
                0x00000000000049a4                scroll_screen
 .text          0x0000000000004bf7      0x130 kernel/i8259.o
                0x0000000000004bf7                init_8259A
                0x0000000000004ccc                spurious_irq
                0x0000000000004d03                put_irq_handler
 .text          0x0000000000004d27        0x0 kernel/global.o
 .text          0x0000000000004d27      0x65f kernel/protect.o
                0x0000000000004d27                init_prot
                0x000000000000518f                seg2linear
                0x00000000000051de                init_desc
                0x000000000000524b                exception_handler
 .text          0x0000000000005386     0x1622 kernel/proc.o
                0x0000000000005386                schedule
                0x0000000000005412                sys_sendrec
                0x0000000000005532                ldt_seg_linear
                0x000000000000557c                va2la
                0x00000000000055dd                reset_msg
                0x00000000000063dd                inform_int
                0x000000000000654d                dump_proc
                0x0000000000006889                dump_msg
 .text          0x00000000000069a8      0x2dd kernel/systask.o
                0x00000000000069a8                task_sys
 .text          0x0000000000006c85      0xe6d kernel/hd.o
                0x0000000000006c85                task_hd
                0x0000000000007ac7                hd_handler
 *fill*         0x0000000000007af2        0xe 
 .text          0x0000000000007b00      0x19a kernel/kliba.o
                0x0000000000007b00                disp_str
                0x0000000000007b3e                disp_color_str
                0x0000000000007b7d                out_byte
                0x0000000000007b89                in_byte
                0x0000000000007b93                port_read
                0x0000000000007ba6                port_write
                0x0000000000007bb9                disable_irq
                0x0000000000007bee                enable_irq
                0x0000000000007c0d                disable_int
                0x0000000000007c0f                enable_int
                0x0000000000007c11                glitter
 .text          0x0000000000007c9a      0x416 kernel/klib.o
                0x0000000000007c9a                get_boot_params
                0x0000000000007d20                get_kernel_map
                0x0000000000007e30                itoa
                0x0000000000007edb                disp_int
                0x0000000000007f02                delay
                0x0000000000007f49                str2Int
                0x0000000000007fe6                getMag
                0x000000000000801c                getSize
                0x000000000000804e                showFormatString
 .text          0x00000000000080b0       0x6f lib/syslog.o
                0x00000000000080b0                syslog
 .text          0x000000000000811f      0x1bc mm/main.o
                0x000000000000811f                task_mm
                0x0000000000008256                alloc_mem
                0x00000000000082d1                free_mem
 .text          0x00000000000082db      0x5e1 mm/forkexit.o
                0x00000000000082db                do_fork
                0x0000000000008622                do_exit
                0x00000000000087fd                do_wait
 .text          0x00000000000088bc      0x356 mm/exec.o
                0x00000000000088bc                do_exec
 .text          0x0000000000008c12     0x10c4 fs/main.o
                0x0000000000008c12                task_fs
                0x000000000000969d                rw_sector
                0x00000000000098de                get_super_block
                0x0000000000009924                get_inode
                0x0000000000009a87                put_inode
                0x0000000000009ac5                sync_inode
 .text          0x0000000000009cd6      0xaaf fs/open.o
                0x0000000000009cd6                do_open
                0x000000000000a118                do_close
                0x000000000000a193                do_lseek
 .text          0x000000000000a785      0x3bb fs/misc.o
                0x000000000000a785                do_stat
                0x000000000000a956                search_file
                0x000000000000aab5                strip_path
 .text          0x000000000000ab40      0x49a fs/read_write.o
                0x000000000000ab40                do_rdwt
 .text          0x000000000000afda      0x811 fs/link.o
                0x000000000000afda                do_unlink
 .text          0x000000000000b7eb     0x1fc1 fs/disklog.o
                0x000000000000b7eb                disklog
                0x000000000000bd58                dump_fd_graph
 .text          0x000000000000d7ac       0xad lib/orangescrt.a(printf.o)
                0x000000000000d7ac                printf
                0x000000000000d817                printl
 .text          0x000000000000d859      0x305 lib/orangescrt.a(vsprintf.o)
                0x000000000000d8b7                vsprintf
                0x000000000000db38                sprintf
 *fill*         0x000000000000db5e        0x2 
 .text          0x000000000000db60       0x78 lib/orangescrt.a(string.o)
                0x000000000000db60                memcpy
                0x000000000000db89                memset
                0x000000000000dbaa                strcpy
                0x000000000000dbc2                strlen
 .text          0x000000000000dbd8      0x30c lib/orangescrt.a(misc.o)
                0x000000000000dbd8                send_recv
                0x000000000000dc95                memcmp
                0x000000000000dd0b                strcmp
                0x000000000000dd7e                strcat
                0x000000000000dddd                strjin
                0x000000000000de4f                strrpl
                0x000000000000de90                spin
                0x000000000000deab                assertion_failure
 .text          0x000000000000dee4       0x6f lib/orangescrt.a(open.o)
                0x000000000000dee4                open
 .text          0x000000000000df53       0x40 lib/orangescrt.a(read.o)
                0x000000000000df53                read
 .text          0x000000000000df93       0x40 lib/orangescrt.a(write.o)
                0x000000000000df93                write
 .text          0x000000000000dfd3       0x34 lib/orangescrt.a(close.o)
                0x000000000000dfd3                close
 .text          0x000000000000e007       0x45 lib/orangescrt.a(unlink.o)
                0x000000000000e007                unlink
 .text          0x000000000000e04c       0x52 lib/orangescrt.a(getpid.o)
                0x000000000000e04c                getpid
 .text          0x000000000000e09e       0x6f lib/orangescrt.a(stat.o)
                0x000000000000e09e                stat
 .text          0x000000000000e10d       0x72 lib/orangescrt.a(fork.o)
                0x000000000000e10d                fork
 .text          0x000000000000e17f       0x45 lib/orangescrt.a(wait.o)
                0x000000000000e17f                wait
 .text          0x000000000000e1c4      0x243 lib/orangescrt.a(exec.o)
                0x000000000000e1c4                exec
                0x000000000000e23b                execl
                0x000000000000e260                execv
 *fill*         0x000000000000e407        0x9 
 .text          0x000000000000e410       0x28 lib/orangescrt.a(syscall.o)
                0x000000000000e410                sendrec
                0x000000000000e42a                printx
 *(.gnu.warning)

.fini
 *(SORT(.fini))
                [!provide]                        PROVIDE (__etext, .)
                [!provide]                        PROVIDE (_etext, .)
                [!provide]                        PROVIDE (etext, .)

.rodata         0x000000000000e440     0x2e73
 *(.rodata .rodata.* .gnu.linkonce.r.*)
 .rodata        0x000000000000e440       0x47 kernel/start.o
 *fill*         0x000000000000e487        0x1 
 .rodata        0x000000000000e488      0xa7e kernel/main.o
 *fill*         0x000000000000ef06        0x2 
 .rodata        0x000000000000ef08       0x64 kernel/keyboard.o
 .rodata        0x000000000000ef6c      0x168 kernel/tty.o
 .rodata        0x000000000000f0d4       0x5b kernel/console.o
 .rodata        0x000000000000f12f       0x11 kernel/i8259.o
 .rodata        0x000000000000f140       0x10 kernel/global.o
                0x000000000000f140                FSBUF_SIZE
                0x000000000000f144                MMBUF_SIZE
                0x000000000000f148                LOGBUF_SIZE
                0x000000000000f14c                LOGDISKBUF_SIZE
 *fill*         0x000000000000f150       0x10 
 .rodata        0x000000000000f160      0x580 kernel/protect.o
 .rodata        0x000000000000f6e0      0x5da kernel/proc.o
 .rodata        0x000000000000fcba       0x11 kernel/systask.o
 *fill*         0x000000000000fccb        0x1 
 .rodata        0x000000000000fccc      0x1df kernel/hd.o
 *fill*         0x000000000000feab        0x1 
 .rodata        0x000000000000feac       0x6d kernel/klib.o
 .rodata        0x000000000000ff19       0x1e lib/syslog.o
 *fill*         0x000000000000ff37        0x1 
 .rodata        0x000000000000ff38       0xb1 mm/main.o
 *fill*         0x000000000000ffe9        0x3 
 .rodata        0x000000000000ffec       0xe7 mm/forkexit.o
 *fill*         0x00000000000100d3        0x1 
 .rodata        0x00000000000100d4       0xa4 mm/exec.o
 .rodata        0x0000000000010178      0x29a fs/main.o
 *fill*         0x0000000000010412        0x2 
 .rodata        0x0000000000010414      0x13c fs/open.o
 .rodata        0x0000000000010550       0x60 fs/misc.o
 .rodata        0x00000000000105b0      0x164 fs/read_write.o
 .rodata        0x0000000000010714      0x1ad fs/link.o
 *fill*         0x00000000000108c1        0x3 
 .rodata        0x00000000000108c4      0x806 fs/disklog.o
 .rodata        0x00000000000110ca       0x14 lib/orangescrt.a(printf.o)
 *fill*         0x00000000000110de        0x2 
 .rodata        0x00000000000110e0       0xad lib/orangescrt.a(misc.o)
 .rodata        0x000000000001118d       0x23 lib/orangescrt.a(open.o)
 .rodata        0x00000000000111b0       0x25 lib/orangescrt.a(getpid.o)
 .rodata        0x00000000000111d5       0x23 lib/orangescrt.a(stat.o)
 .rodata        0x00000000000111f8       0x33 lib/orangescrt.a(fork.o)
 *fill*         0x000000000001122b        0x1 
 .rodata        0x000000000001122c       0x87 lib/orangescrt.a(exec.o)

.rodata1
 *(.rodata1)

.eh_frame_hdr
 *(.eh_frame_hdr)
 *(.eh_frame_entry .eh_frame_entry.*)

.eh_frame       0x00000000000112b4     0x15dc
 *(.eh_frame)
 .eh_frame      0x00000000000112b4       0x38 kernel/start.o
 .eh_frame      0x00000000000112ec      0x388 kernel/main.o
                                        0x3a0 (size before relaxing)
 .eh_frame      0x0000000000011674       0x60 kernel/clock.o
                                         0x78 (size before relaxing)
 .eh_frame      0x00000000000116d4       0xe0 kernel/keyboard.o
                                         0xf8 (size before relaxing)
 .eh_frame      0x00000000000117b4      0x13c kernel/tty.o
                                        0x154 (size before relaxing)
 .eh_frame      0x00000000000118f0      0x144 kernel/console.o
                                        0x15c (size before relaxing)
 .eh_frame      0x0000000000011a34       0x60 kernel/i8259.o
                                         0x78 (size before relaxing)
 .eh_frame      0x0000000000011a94       0xb0 kernel/protect.o
                                         0xc8 (size before relaxing)
 .eh_frame      0x0000000000011b44      0x1b8 kernel/proc.o
                                        0x1d0 (size before relaxing)
 .eh_frame      0x0000000000011cfc       0x5c kernel/systask.o
                                         0x74 (size before relaxing)
 .eh_frame      0x0000000000011d58      0x1f0 kernel/hd.o
                                        0x208 (size before relaxing)
 .eh_frame      0x0000000000011f48      0x124 kernel/klib.o
                                        0x13c (size before relaxing)
 .eh_frame      0x000000000001206c       0x20 lib/syslog.o
                                         0x38 (size before relaxing)
 .eh_frame      0x000000000001208c       0x7c mm/main.o
                                         0x94 (size before relaxing)
 .eh_frame      0x0000000000012108       0x90 mm/forkexit.o
                                         0xa8 (size before relaxing)
 .eh_frame      0x0000000000012198       0x2c mm/exec.o
                                         0x44 (size before relaxing)
 .eh_frame      0x00000000000121c4      0x170 fs/main.o
                                        0x188 (size before relaxing)
 .eh_frame      0x0000000000012334      0x120 fs/open.o
                                        0x138 (size before relaxing)
 .eh_frame      0x0000000000012454       0x68 fs/misc.o
                                         0x80 (size before relaxing)
 .eh_frame      0x00000000000124bc       0x2c fs/read_write.o
                                         0x44 (size before relaxing)
 .eh_frame      0x00000000000124e8       0x2c fs/link.o
                                         0x44 (size before relaxing)
 .eh_frame      0x0000000000012514       0x60 fs/disklog.o
                                         0x78 (size before relaxing)
 .eh_frame      0x0000000000012574       0x40 lib/orangescrt.a(printf.o)
                                         0x58 (size before relaxing)
 .eh_frame      0x00000000000125b4       0x60 lib/orangescrt.a(vsprintf.o)
                                         0x78 (size before relaxing)
 .eh_frame      0x0000000000012614       0xfc lib/orangescrt.a(misc.o)
                                        0x114 (size before relaxing)
 .eh_frame      0x0000000000012710       0x20 lib/orangescrt.a(open.o)
                                         0x38 (size before relaxing)
 .eh_frame      0x0000000000012730       0x20 lib/orangescrt.a(read.o)
                                         0x38 (size before relaxing)
 .eh_frame      0x0000000000012750       0x20 lib/orangescrt.a(write.o)
                                         0x38 (size before relaxing)
 .eh_frame      0x0000000000012770       0x20 lib/orangescrt.a(close.o)
                                         0x38 (size before relaxing)
 .eh_frame      0x0000000000012790       0x20 lib/orangescrt.a(unlink.o)
                                         0x38 (size before relaxing)
 .eh_frame      0x00000000000127b0       0x20 lib/orangescrt.a(getpid.o)
                                         0x38 (size before relaxing)
 .eh_frame      0x00000000000127d0       0x20 lib/orangescrt.a(stat.o)
                                         0x38 (size before relaxing)
 .eh_frame      0x00000000000127f0       0x20 lib/orangescrt.a(fork.o)
                                         0x38 (size before relaxing)
 .eh_frame      0x0000000000012810       0x20 lib/orangescrt.a(wait.o)
                                         0x38 (size before relaxing)
 .eh_frame      0x0000000000012830       0x60 lib/orangescrt.a(exec.o)
                                         0x78 (size before relaxing)
 *(.eh_frame.*)

.gcc_except_table
 *(.gcc_except_table .gcc_except_table.*)

.gnu_extab
 *(.gnu_extab*)

.exception_ranges
 *(.exception_ranges .exception_ranges*)
                0x0000000000013890                . = DATA_SEGMENT_ALIGN (0x1000, 0x1000)

.eh_frame
 *(.eh_frame)
 *(.eh_frame.*)

.gnu_extab
 *(.gnu_extab)

.gcc_except_table
 *(.gcc_except_table .gcc_except_table.*)

.exception_ranges
 *(.exception_ranges .exception_ranges*)

.tdata
 *(.tdata .tdata.* .gnu.linkonce.td.*)

.tbss
 *(.tbss .tbss.* .gnu.linkonce.tb.*)
 *(.tcommon)

.preinit_array  0x0000000000013890        0x0
                [!provide]                        PROVIDE (__preinit_array_start, .)
 *(.preinit_array)
                [!provide]                        PROVIDE (__preinit_array_end, .)

.init_array     0x0000000000013890        0x0
                [!provide]                        PROVIDE (__init_array_start, .)
 *(SORT(.init_array.*) SORT(.ctors.*))
 *(.init_array EXCLUDE_FILE(*crtend?.o *crtend.o *crtbegin?.o *crtbegin.o) .ctors)
                [!provide]                        PROVIDE (__init_array_end, .)

.fini_array     0x0000000000013890        0x0
                [!provide]                        PROVIDE (__fini_array_start, .)
 *(SORT(.fini_array.*) SORT(.dtors.*))
 *(.fini_array EXCLUDE_FILE(*crtend?.o *crtend.o *crtbegin?.o *crtbegin.o) .dtors)
                [!provide]                        PROVIDE (__fini_array_end, .)

.ctors
 *crtbegin.o(.ctors)
 *crtbegin?.o(.ctors)
 *(EXCLUDE_FILE(*crtend?.o *crtend.o) .ctors)
 *(SORT(.ctors.*))
 *(.ctors)

.dtors
 *crtbegin.o(.dtors)
 *crtbegin?.o(.dtors)
 *(EXCLUDE_FILE(*crtend?.o *crtend.o) .dtors)
 *(SORT(.dtors.*))
 *(.dtors)

.jcr
 *(.jcr)

.data.rel.ro
 *(.data.rel.ro.local* .gnu.linkonce.d.rel.ro.local.*)
 *(.data.rel.ro .data.rel.ro.* .gnu.linkonce.d.rel.ro.*)

.dynamic
 *(.dynamic)

.got
 *(.got)
 *(.igot)
                0x0000000000013890                . = DATA_SEGMENT_RELRO_END (., (SIZEOF (.got.plt) >= 0xc)?0xc:0x0)

.got.plt        0x0000000000013890        0x0
 *(.got.plt)
 *(.igot.plt)
 .igot.plt      0x0000000000013890        0x0 kernel/kernel.o

.data           0x00000000000138a0      0x834
 *(.data .data.* .gnu.linkonce.d.*)
 .data          0x00000000000138a0        0x2 kernel/kernel.o
 .data          0x00000000000138a2        0x0 kernel/start.o
 *fill*         0x00000000000138a2       0x1e 
 .data          0x00000000000138c0       0x20 kernel/main.o
                0x00000000000138c0                location
 .data          0x00000000000138e0        0x0 kernel/clock.o
 .data          0x00000000000138e0      0x600 kernel/keyboard.o
                0x00000000000138e0                keymap
 .data          0x0000000000013ee0       0x22 kernel/tty.o
 .data          0x0000000000013f02        0x0 kernel/console.o
 .data          0x0000000000013f02        0x0 kernel/i8259.o
 *fill*         0x0000000000013f02       0x1e 
 .data          0x0000000000013f20      0x1b4 kernel/global.o
                0x0000000000013f20                task_table
                0x0000000000014000                user_proc_table
                0x00000000000140a0                sys_call_table
                0x00000000000140ac                dd_map
                0x00000000000140c4                fsbuf
                0x00000000000140c8                mmbuf
                0x00000000000140cc                logbuf
                0x00000000000140d0                logdiskbuf
 .data          0x00000000000140d4        0x0 kernel/protect.o
 .data          0x00000000000140d4        0x0 kernel/proc.o
 .data          0x00000000000140d4        0x0 kernel/systask.o
 .data          0x00000000000140d4        0x0 kernel/hd.o
 .data          0x00000000000140d4        0x0 kernel/klib.o
 .data          0x00000000000140d4        0x0 lib/syslog.o
 .data          0x00000000000140d4        0x0 mm/main.o
 .data          0x00000000000140d4        0x0 mm/forkexit.o
 .data          0x00000000000140d4        0x0 mm/exec.o
 .data          0x00000000000140d4        0x0 fs/main.o
 .data          0x00000000000140d4        0x0 fs/open.o
 .data          0x00000000000140d4        0x0 fs/misc.o
 .data          0x00000000000140d4        0x0 fs/read_write.o
 .data          0x00000000000140d4        0x0 fs/link.o
 .data          0x00000000000140d4        0x0 fs/disklog.o
 .data          0x00000000000140d4        0x0 lib/orangescrt.a(printf.o)
 .data          0x00000000000140d4        0x0 lib/orangescrt.a(vsprintf.o)
 .data          0x00000000000140d4        0x0 lib/orangescrt.a(misc.o)
 .data          0x00000000000140d4        0x0 lib/orangescrt.a(open.o)
 .data          0x00000000000140d4        0x0 lib/orangescrt.a(read.o)
 .data          0x00000000000140d4        0x0 lib/orangescrt.a(write.o)
 .data          0x00000000000140d4        0x0 lib/orangescrt.a(close.o)
 .data          0x00000000000140d4        0x0 lib/orangescrt.a(unlink.o)
 .data          0x00000000000140d4        0x0 lib/orangescrt.a(getpid.o)
 .data          0x00000000000140d4        0x0 lib/orangescrt.a(stat.o)
 .data          0x00000000000140d4        0x0 lib/orangescrt.a(fork.o)
 .data          0x00000000000140d4        0x0 lib/orangescrt.a(wait.o)
 .data          0x00000000000140d4        0x0 lib/orangescrt.a(exec.o)

.data1
 *(.data1)
                0x00000000000140d4                _edata = .
                [!provide]                        PROVIDE (edata, .)
                0x00000000000140d4                . = .
                0x00000000000140d4                __bss_start = .

.bss            0x00000000000140e0    0x299f8
 *(.dynbss)
 *(.bss .bss.* .gnu.linkonce.b.*)
 .bss           0x00000000000140e0      0x800 kernel/kernel.o
 .bss           0x00000000000148e0        0x0 kernel/start.o
 .bss           0x00000000000148e0        0x0 kernel/main.o
 .bss           0x00000000000148e0        0x0 kernel/clock.o
 .bss           0x00000000000148e0       0x58 kernel/keyboard.o
 .bss           0x0000000000014938        0x0 kernel/tty.o
 .bss           0x0000000000014938        0x0 kernel/console.o
 .bss           0x0000000000014938        0x0 kernel/i8259.o
 .bss           0x0000000000014938        0x0 kernel/global.o
 .bss           0x0000000000014938        0x0 kernel/protect.o
 .bss           0x0000000000014938        0x0 kernel/proc.o
 .bss           0x0000000000014938        0x0 kernel/systask.o
 *fill*         0x0000000000014938        0x8 
 .bss           0x0000000000014940      0x64c kernel/hd.o
 .bss           0x0000000000014f8c        0x0 kernel/klib.o
 .bss           0x0000000000014f8c        0x0 lib/syslog.o
 .bss           0x0000000000014f8c        0x0 mm/main.o
 .bss           0x0000000000014f8c        0x0 mm/forkexit.o
 .bss           0x0000000000014f8c        0x0 mm/exec.o
 .bss           0x0000000000014f8c        0x0 fs/main.o
 .bss           0x0000000000014f8c        0x0 fs/open.o
 .bss           0x0000000000014f8c        0x0 fs/misc.o
 .bss           0x0000000000014f8c        0x0 fs/read_write.o
 .bss           0x0000000000014f8c        0x0 fs/link.o
 *fill*         0x0000000000014f8c       0x14 
 .bss           0x0000000000014fa0      0x208 fs/disklog.o
 .bss           0x00000000000151a8        0x0 lib/orangescrt.a(printf.o)
 .bss           0x00000000000151a8        0x0 lib/orangescrt.a(vsprintf.o)
 .bss           0x00000000000151a8        0x0 lib/orangescrt.a(misc.o)
 .bss           0x00000000000151a8        0x0 lib/orangescrt.a(open.o)
 .bss           0x00000000000151a8        0x0 lib/orangescrt.a(read.o)
 .bss           0x00000000000151a8        0x0 lib/orangescrt.a(write.o)
 .bss           0x00000000000151a8        0x0 lib/orangescrt.a(close.o)
 .bss           0x00000000000151a8        0x0 lib/orangescrt.a(unlink.o)
 .bss           0x00000000000151a8        0x0 lib/orangescrt.a(getpid.o)
 .bss           0x00000000000151a8        0x0 lib/orangescrt.a(stat.o)
 .bss           0x00000000000151a8        0x0 lib/orangescrt.a(fork.o)
 .bss           0x00000000000151a8        0x0 lib/orangescrt.a(wait.o)
 .bss           0x00000000000151a8        0x0 lib/orangescrt.a(exec.o)
 *(COMMON)
 *fill*         0x00000000000151a8       0x18 
 COMMON         0x00000000000151c0      0x480 kernel/main.o
                0x00000000000151c0                dirmap
                0x0000000000015240                dir
 COMMON         0x0000000000015640    0x28488 kernel/global.o
                0x0000000000015640                idt_ptr
                0x0000000000015660                inode_table
                0x0000000000016160                task_stack
                0x000000000003a160                k_reenter
                0x000000000003a180                gdt
                0x000000000003a580                current_console
                0x000000000003a584                pcaller
                0x000000000003a5a0                tty_table
                0x000000000003b220                tss
                0x000000000003b2a0                fs_msg
                0x000000000003b350                memory_size
                0x000000000003b360                f_desc_table
                0x000000000003b760                root_inode
                0x000000000003b764                disp_pos
                0x000000000003b780                mm_msg
                0x000000000003b830                key_pressed
                0x000000000003b834                gdt_ptr
                0x000000000003b840                idt
                0x000000000003c040                super_block
                0x000000000003c220                ticks
                0x000000000003c240                console_table
                0x000000000003c280                irq_table
                0x000000000003c2c0                p_proc_ready
                0x000000000003c2e0                proc_table
 COMMON         0x000000000003dac8       0x10 kernel/hd.o
                0x000000000003dac8                PARTITION_ENTRY
                0x000000000003dad8                . = ALIGN ((. != 0x0)?0x4:0x1)
                0x000000000003dad8                . = ALIGN (0x4)
                0x000000000003dad8                . = SEGMENT_START ("ldata-segment", .)
                0x000000000003dad8                . = ALIGN (0x4)
                0x000000000003dad8                _end = .
                [!provide]                        PROVIDE (end, .)
                0x000000000003dad8                . = DATA_SEGMENT_END (.)

.stab
 *(.stab)

.stabstr
 *(.stabstr)

.stab.excl
 *(.stab.excl)

.stab.exclstr
 *(.stab.exclstr)

.stab.index
 *(.stab.index)

.stab.indexstr
 *(.stab.indexstr)

.comment        0x0000000000000000       0x35
 *(.comment)
 .comment       0x0000000000000000       0x35 kernel/start.o
                                         0x36 (size before relaxing)
 .comment       0x0000000000000035       0x36 kernel/main.o
 .comment       0x0000000000000035       0x36 kernel/clock.o
 .comment       0x0000000000000035       0x36 kernel/keyboard.o
 .comment       0x0000000000000035       0x36 kernel/tty.o
 .comment       0x0000000000000035       0x36 kernel/console.o
 .comment       0x0000000000000035       0x36 kernel/i8259.o
 .comment       0x0000000000000035       0x36 kernel/global.o
 .comment       0x0000000000000035       0x36 kernel/protect.o
 .comment       0x0000000000000035       0x36 kernel/proc.o
 .comment       0x0000000000000035       0x36 kernel/systask.o
 .comment       0x0000000000000035       0x36 kernel/hd.o
 .comment       0x0000000000000035       0x36 kernel/klib.o
 .comment       0x0000000000000035       0x36 lib/syslog.o
 .comment       0x0000000000000035       0x36 mm/main.o
 .comment       0x0000000000000035       0x36 mm/forkexit.o
 .comment       0x0000000000000035       0x36 mm/exec.o
 .comment       0x0000000000000035       0x36 fs/main.o
 .comment       0x0000000000000035       0x36 fs/open.o
 .comment       0x0000000000000035       0x36 fs/misc.o
 .comment       0x0000000000000035       0x36 fs/read_write.o
 .comment       0x0000000000000035       0x36 fs/link.o
 .comment       0x0000000000000035       0x36 fs/disklog.o
 .comment       0x0000000000000035       0x36 lib/orangescrt.a(printf.o)
 .comment       0x0000000000000035       0x36 lib/orangescrt.a(vsprintf.o)
 .comment       0x0000000000000035       0x36 lib/orangescrt.a(misc.o)
 .comment       0x0000000000000035       0x36 lib/orangescrt.a(open.o)
 .comment       0x0000000000000035       0x36 lib/orangescrt.a(read.o)
 .comment       0x0000000000000035       0x36 lib/orangescrt.a(write.o)
 .comment       0x0000000000000035       0x36 lib/orangescrt.a(close.o)
 .comment       0x0000000000000035       0x36 lib/orangescrt.a(unlink.o)
 .comment       0x0000000000000035       0x36 lib/orangescrt.a(getpid.o)
 .comment       0x0000000000000035       0x36 lib/orangescrt.a(stat.o)
 .comment       0x0000000000000035       0x36 lib/orangescrt.a(fork.o)
 .comment       0x0000000000000035       0x36 lib/orangescrt.a(wait.o)
 .comment       0x0000000000000035       0x36 lib/orangescrt.a(exec.o)

.debug
 *(.debug)

.line
 *(.line)

.debug_srcinfo
 *(.debug_srcinfo)

.debug_sfnames
 *(.debug_sfnames)

.debug_aranges
 *(.debug_aranges)

.debug_pubnames
 *(.debug_pubnames)

.debug_info
 *(.debug_info .gnu.linkonce.wi.*)

.debug_abbrev
 *(.debug_abbrev)

.debug_line
 *(.debug_line .debug_line.* .debug_line_end)

.debug_frame
 *(.debug_frame)

.debug_str
 *(.debug_str)

.debug_loc
 *(.debug_loc)

.debug_macinfo
 *(.debug_macinfo)

.debug_weaknames
 *(.debug_weaknames)

.debug_funcnames
 *(.debug_funcnames)

.debug_typenames
 *(.debug_typenames)

.debug_varnames
 *(.debug_varnames)

.debug_pubtypes
 *(.debug_pubtypes)

.debug_ranges
 *(.debug_ranges)

.debug_macro
 *(.debug_macro)

.gnu.attributes
 *(.gnu.attributes)

/DISCARD/
 *(.note.GNU-stack)
 *(.gnu_debuglink)
 *(.gnu.lto_*)
OUTPUT(kernel.bin elf32-i386)
