Archive member included to satisfy reference by file (symbol)

lib/orangescrt.a(printf.o)    kernel/main.o (printf)
lib/orangescrt.a(vsprintf.o)  kernel/main.o (vsprintf)
lib/orangescrt.a(string.o)    kernel/start.o (memcpy)
lib/orangescrt.a(misc.o)      kernel/main.o (send_recv)
lib/orangescrt.a(open.o)      kernel/main.o (open)
lib/orangescrt.a(read.o)      kernel/main.o (read)
lib/orangescrt.a(write.o)     kernel/main.o (write)
lib/orangescrt.a(close.o)     kernel/main.o (close)
lib/orangescrt.a(unlink.o)    kernel/main.o (unlink)
lib/orangescrt.a(getpid.o)    fs/disklog.o (getpid)
lib/orangescrt.a(stat.o)      mm/exec.o (stat)
lib/orangescrt.a(fork.o)      kernel/main.o (fork)
lib/orangescrt.a(wait.o)      kernel/main.o (wait)
lib/orangescrt.a(exec.o)      kernel/main.o (execv)
lib/orangescrt.a(syscall.o)   lib/orangescrt.a(misc.o) (sendrec)

Allocating common symbols
Common symbol       size              file

idt_ptr             0x6               kernel/global.o
inode_table         0xb00             kernel/global.o
task_stack          0x24000           kernel/global.o
dirmap              0x80              kernel/main.o
k_reenter           0x4               kernel/global.o
gdt                 0x400             kernel/global.o
current_console     0x4               kernel/global.o
pcaller             0x4               kernel/global.o
tty_table           0xc6c             kernel/global.o
tss                 0x68              kernel/global.o
fs_msg              0xb0              kernel/global.o
memory_size         0x4               kernel/global.o
f_desc_table        0x400             kernel/global.o
root_inode          0x4               kernel/global.o
disp_pos            0x4               kernel/global.o
mm_msg              0xb0              kernel/global.o
key_pressed         0x4               kernel/global.o
gdt_ptr             0x6               kernel/global.o
dir                 0x400             kernel/main.o
idt                 0x800             kernel/global.o
super_block         0x1e0             kernel/global.o
PARTITION_ENTRY     0x10              kernel/hd.o
ticks               0x4               kernel/global.o
console_table       0x3c              kernel/global.o
irq_table           0x40              kernel/global.o
p_proc_ready        0x4               kernel/global.o
proc_table          0x3af8            kernel/global.o

Discarded input sections

 .note.GNU-stack
                0x0000000000000000        0x0 kernel/start.o
 .note.GNU-stack
                0x0000000000000000        0x0 kernel/main.o
 .note.GNU-stack
                0x0000000000000000        0x0 kernel/clock.o
 .note.GNU-stack
                0x0000000000000000        0x0 kernel/keyboard.o
 .note.GNU-stack
                0x0000000000000000        0x0 kernel/tty.o
 .note.GNU-stack
                0x0000000000000000        0x0 kernel/console.o
 .note.GNU-stack
                0x0000000000000000        0x0 kernel/i8259.o
 .note.GNU-stack
                0x0000000000000000        0x0 kernel/global.o
 .note.GNU-stack
                0x0000000000000000        0x0 kernel/protect.o
 .note.GNU-stack
                0x0000000000000000        0x0 kernel/proc.o
 .note.GNU-stack
                0x0000000000000000        0x0 kernel/systask.o
 .note.GNU-stack
                0x0000000000000000        0x0 kernel/hd.o
 .note.GNU-stack
                0x0000000000000000        0x0 kernel/klib.o
 .note.GNU-stack
                0x0000000000000000        0x0 lib/syslog.o
 .note.GNU-stack
                0x0000000000000000        0x0 mm/main.o
 .note.GNU-stack
                0x0000000000000000        0x0 mm/forkexit.o
 .note.GNU-stack
                0x0000000000000000        0x0 mm/exec.o
 .note.GNU-stack
                0x0000000000000000        0x0 fs/main.o
 .note.GNU-stack
                0x0000000000000000        0x0 fs/open.o
 .note.GNU-stack
                0x0000000000000000        0x0 fs/misc.o
 .note.GNU-stack
                0x0000000000000000        0x0 fs/read_write.o
 .note.GNU-stack
                0x0000000000000000        0x0 fs/link.o
 .note.GNU-stack
                0x0000000000000000        0x0 fs/disklog.o
 .note.GNU-stack
                0x0000000000000000        0x0 lib/orangescrt.a(printf.o)
 .note.GNU-stack
                0x0000000000000000        0x0 lib/orangescrt.a(vsprintf.o)
 .note.GNU-stack
                0x0000000000000000        0x0 lib/orangescrt.a(misc.o)
 .note.GNU-stack
                0x0000000000000000        0x0 lib/orangescrt.a(open.o)
 .note.GNU-stack
                0x0000000000000000        0x0 lib/orangescrt.a(read.o)
 .note.GNU-stack
                0x0000000000000000        0x0 lib/orangescrt.a(write.o)
 .note.GNU-stack
                0x0000000000000000        0x0 lib/orangescrt.a(close.o)
 .note.GNU-stack
                0x0000000000000000        0x0 lib/orangescrt.a(unlink.o)
 .note.GNU-stack
                0x0000000000000000        0x0 lib/orangescrt.a(getpid.o)
 .note.GNU-stack
                0x0000000000000000        0x0 lib/orangescrt.a(stat.o)
 .note.GNU-stack
                0x0000000000000000        0x0 lib/orangescrt.a(fork.o)
 .note.GNU-stack
                0x0000000000000000        0x0 lib/orangescrt.a(wait.o)
 .note.GNU-stack
                0x0000000000000000        0x0 lib/orangescrt.a(exec.o)

Memory Configuration

Name             Origin             Length             Attributes
*default*        0x0000000000000000 0xffffffffffffffff

Linker script and memory map

Address of section .text set to 0x1000
LOAD kernel/kernel.o
LOAD kernel/start.o
LOAD kernel/main.o
LOAD kernel/clock.o
LOAD kernel/keyboard.o
LOAD kernel/tty.o
LOAD kernel/console.o
LOAD kernel/i8259.o
LOAD kernel/global.o
LOAD kernel/protect.o
LOAD kernel/proc.o
LOAD kernel/systask.o
LOAD kernel/hd.o
LOAD kernel/kliba.o
LOAD kernel/klib.o
LOAD lib/syslog.o
LOAD mm/main.o
LOAD mm/forkexit.o
LOAD mm/exec.o
LOAD fs/main.o
LOAD fs/open.o
LOAD fs/misc.o
LOAD fs/read_write.o
LOAD fs/link.o
LOAD fs/disklog.o
LOAD lib/orangescrt.a
                [!provide]                        PROVIDE (__executable_start, 0x8048000)
                0x0000000008048094                . = (0x8048000 + SIZEOF_HEADERS)

.interp
 *(.interp)

.note.gnu.build-id
 *(.note.gnu.build-id)

.hash
 *(.hash)

.gnu.hash
 *(.gnu.hash)

.dynsym
 *(.dynsym)

.dynstr
 *(.dynstr)

.gnu.version
 *(.gnu.version)

.gnu.version_d
 *(.gnu.version_d)

.gnu.version_r
 *(.gnu.version_r)

.rel.dyn        0x0000000008048094        0x0
 *(.rel.init)
 *(.rel.text .rel.text.* .rel.gnu.linkonce.t.*)
 .rel.text      0x0000000008048094        0x0 kernel/kernel.o
 *(.rel.fini)
 *(.rel.rodata .rel.rodata.* .rel.gnu.linkonce.r.*)
 *(.rel.data.rel.ro .rel.data.rel.ro.* .rel.gnu.linkonce.d.rel.ro.*)
 *(.rel.data .rel.data.* .rel.gnu.linkonce.d.*)
 .rel.data      0x0000000008048094        0x0 kernel/kernel.o
 *(.rel.tdata .rel.tdata.* .rel.gnu.linkonce.td.*)
 *(.rel.tbss .rel.tbss.* .rel.gnu.linkonce.tb.*)
 *(.rel.ctors)
 *(.rel.dtors)
 *(.rel.got)
 *(.rel.bss .rel.bss.* .rel.gnu.linkonce.b.*)
 *(.rel.ifunc)

.rel.plt        0x0000000008048094        0x0
 *(.rel.plt)
                [!provide]                        PROVIDE (__rel_iplt_start, .)
 *(.rel.iplt)
 .rel.iplt      0x0000000008048094        0x0 kernel/kernel.o
                [!provide]                        PROVIDE (__rel_iplt_end, .)

.init
 *(SORT(.init))

.plt            0x00000000080480a0        0x0
 *(.plt)
 *(.iplt)
 .iplt          0x00000000080480a0        0x0 kernel/kernel.o

.plt.got
 *(.plt.got)

.text           0x0000000000001000     0xd4b8
 *(.text.unlikely .text.*_unlikely .text.unlikely.*)
 *(.text.exit .text.exit.*)
 *(.text.startup .text.startup.*)
 *(.text.hot .text.hot.*)
 *(.text .stub .text.* .gnu.linkonce.t.*)
 .text          0x0000000000001000      0x410 kernel/kernel.o
                0x0000000000001000                _start
                0x0000000000001040                hwint00
                0x0000000000001070                hwint01
                0x00000000000010a0                hwint02
                0x00000000000010d0                hwint03
                0x0000000000001100                hwint04
                0x0000000000001130                hwint05
                0x0000000000001160                hwint06
                0x0000000000001190                hwint07
                0x00000000000011c0                hwint08
                0x00000000000011f0                hwint09
                0x0000000000001220                hwint10
                0x0000000000001250                hwint11
                0x0000000000001280                hwint12
                0x00000000000012b0                hwint13
                0x00000000000012e0                hwint14
                0x0000000000001310                hwint15
                0x0000000000001334                divide_error
                0x000000000000133a                single_step_exception
                0x0000000000001340                nmi
                0x0000000000001346                breakpoint_exception
                0x000000000000134c                overflow
                0x0000000000001352                bounds_check
                0x0000000000001358                inval_opcode
                0x000000000000135e                copr_not_available
                0x0000000000001364                double_fault
                0x0000000000001368                copr_seg_overrun
                0x000000000000136e                inval_tss
                0x0000000000001372                segment_not_present
                0x0000000000001376                stack_exception
                0x000000000000137a                general_protection
                0x000000000000137e                page_fault
                0x0000000000001382                copr_error
                0x00000000000013cb                sys_call
                0x00000000000013eb                restart
 .text          0x0000000000001410       0x95 kernel/start.o
                0x0000000000001410                cstart
 .text          0x00000000000014a5     0x1f84 kernel/main.o
                0x00000000000014a5                kernel_main
                0x00000000000017c0                get_ticks
                0x0000000000001800                untar
                0x00000000000019be                Init
                0x0000000000001ae0                TestA
                0x0000000000001ae5                TestB
                0x0000000000001aea                TestC
                0x0000000000001aef                panic
                0x0000000000001b35                shabby_shell
                0x00000000000022ad                checkFilename
                0x0000000000002357                getFullname
                0x00000000000023bb                welcome
                0x0000000000002494                clear
                0x00000000000024c7                help
                0x0000000000002600                initFS
                0x000000000000270e                isDir
                0x0000000000002753                createFile
                0x00000000000027d2                updateDir
                0x0000000000002964                createDir
                0x0000000000002abd                readFile
                0x0000000000002b9c                deleteFile
                0x0000000000002c14                deleteDir
                0x0000000000002e5d                ls
                0x0000000000002ed0                cd
                0x00000000000030c9                miniRead
                0x0000000000003154                miniWrite
                0x00000000000031bc                truncateFile
                0x000000000000321c                extendFile
                0x000000000000333c                rewriteFile
 .text          0x0000000000003429      0x10d kernel/clock.o
                0x0000000000003429                clock_handler
                0x00000000000034a4                milli_delay
                0x00000000000034de                init_clock
 .text          0x0000000000003536      0x6da kernel/keyboard.o
                0x0000000000003536                keyboard_handler
                0x00000000000035a0                init_keyboard
                0x000000000000364f                keyboard_read
 .text          0x0000000000003c10      0xa83 kernel/tty.o
                0x0000000000003c10                task_tty
                0x0000000000003e1f                in_process
                0x0000000000004393                sys_printx
                0x0000000000004532                dump_tty_buf
 .text          0x0000000000004693      0x7d7 kernel/console.o
                0x0000000000004693                init_screen
                0x0000000000004807                out_char
                0x0000000000004ae4                is_current_console
                0x0000000000004bd7                select_console
                0x0000000000004c17                scroll_screen
 .text          0x0000000000004e6a      0x130 kernel/i8259.o
                0x0000000000004e6a                init_8259A
                0x0000000000004f3f                spurious_irq
                0x0000000000004f76                put_irq_handler
 .text          0x0000000000004f9a        0x0 kernel/global.o
 .text          0x0000000000004f9a      0x65f kernel/protect.o
                0x0000000000004f9a                init_prot
                0x0000000000005402                seg2linear
                0x0000000000005451                init_desc
                0x00000000000054be                exception_handler
 .text          0x00000000000055f9     0x1622 kernel/proc.o
                0x00000000000055f9                schedule
                0x0000000000005685                sys_sendrec
                0x00000000000057a5                ldt_seg_linear
                0x00000000000057ef                va2la
                0x0000000000005850                reset_msg
                0x0000000000006650                inform_int
                0x00000000000067c0                dump_proc
                0x0000000000006afc                dump_msg
 .text          0x0000000000006c1b      0x2dd kernel/systask.o
                0x0000000000006c1b                task_sys
 .text          0x0000000000006ef8      0xe6d kernel/hd.o
                0x0000000000006ef8                task_hd
                0x0000000000007d3a                hd_handler
 *fill*         0x0000000000007d65        0xb 
 .text          0x0000000000007d70      0x19a kernel/kliba.o
                0x0000000000007d70                disp_str
                0x0000000000007dae                disp_color_str
                0x0000000000007ded                out_byte
                0x0000000000007df9                in_byte
                0x0000000000007e03                port_read
                0x0000000000007e16                port_write
                0x0000000000007e29                disable_irq
                0x0000000000007e5e                enable_irq
                0x0000000000007e7d                disable_int
                0x0000000000007e7f                enable_int
                0x0000000000007e81                glitter
 .text          0x0000000000007f0a      0x2af kernel/klib.o
                0x0000000000007f0a                get_boot_params
                0x0000000000007f90                get_kernel_map
                0x00000000000080a0                itoa
                0x000000000000814b                disp_int
                0x0000000000008172                delay
 .text          0x00000000000081b9       0x6f lib/syslog.o
                0x00000000000081b9                syslog
 .text          0x0000000000008228      0x1bc mm/main.o
                0x0000000000008228                task_mm
                0x000000000000835f                alloc_mem
                0x00000000000083da                free_mem
 .text          0x00000000000083e4      0x5e1 mm/forkexit.o
                0x00000000000083e4                do_fork
                0x000000000000872b                do_exit
                0x0000000000008906                do_wait
 .text          0x00000000000089c5      0x356 mm/exec.o
                0x00000000000089c5                do_exec
 .text          0x0000000000008d1b     0x10c4 fs/main.o
                0x0000000000008d1b                task_fs
                0x00000000000097a6                rw_sector
                0x00000000000099e7                get_super_block
                0x0000000000009a2d                get_inode
                0x0000000000009b90                put_inode
                0x0000000000009bce                sync_inode
 .text          0x0000000000009ddf      0xaaf fs/open.o
                0x0000000000009ddf                do_open
                0x000000000000a221                do_close
                0x000000000000a29c                do_lseek
 .text          0x000000000000a88e      0x3bb fs/misc.o
                0x000000000000a88e                do_stat
                0x000000000000aa5f                search_file
                0x000000000000abbe                strip_path
 .text          0x000000000000ac49      0x49a fs/read_write.o
                0x000000000000ac49                do_rdwt
 .text          0x000000000000b0e3      0x7fa fs/link.o
                0x000000000000b0e3                do_unlink
 .text          0x000000000000b8dd     0x1fc1 fs/disklog.o
                0x000000000000b8dd                disklog
                0x000000000000be4a                dump_fd_graph
 .text          0x000000000000d89e       0xad lib/orangescrt.a(printf.o)
                0x000000000000d89e                printf
                0x000000000000d909                printl
 .text          0x000000000000d94b      0x305 lib/orangescrt.a(vsprintf.o)
                0x000000000000d9a9                vsprintf
                0x000000000000dc2a                sprintf
 .text          0x000000000000dc50       0x78 lib/orangescrt.a(string.o)
                0x000000000000dc50                memcpy
                0x000000000000dc79                memset
                0x000000000000dc9a                strcpy
                0x000000000000dcb2                strlen
 .text          0x000000000000dcc8      0x29a lib/orangescrt.a(misc.o)
                0x000000000000dcc8                send_recv
                0x000000000000dd85                memcmp
                0x000000000000ddfb                strcmp
                0x000000000000de6e                strcat
                0x000000000000decd                strrpl
                0x000000000000df0e                spin
                0x000000000000df29                assertion_failure
 .text          0x000000000000df62       0x6f lib/orangescrt.a(open.o)
                0x000000000000df62                open
 .text          0x000000000000dfd1       0x40 lib/orangescrt.a(read.o)
                0x000000000000dfd1                read
 .text          0x000000000000e011       0x40 lib/orangescrt.a(write.o)
                0x000000000000e011                write
 .text          0x000000000000e051       0x34 lib/orangescrt.a(close.o)
                0x000000000000e051                close
 .text          0x000000000000e085       0x45 lib/orangescrt.a(unlink.o)
                0x000000000000e085                unlink
 .text          0x000000000000e0ca       0x52 lib/orangescrt.a(getpid.o)
                0x000000000000e0ca                getpid
 .text          0x000000000000e11c       0x6f lib/orangescrt.a(stat.o)
                0x000000000000e11c                stat
 .text          0x000000000000e18b       0x72 lib/orangescrt.a(fork.o)
                0x000000000000e18b                fork
 .text          0x000000000000e1fd       0x45 lib/orangescrt.a(wait.o)
                0x000000000000e1fd                wait
 .text          0x000000000000e242      0x243 lib/orangescrt.a(exec.o)
                0x000000000000e242                exec
                0x000000000000e2b9                execl
                0x000000000000e2de                execv
 *fill*         0x000000000000e485        0xb 
 .text          0x000000000000e490       0x28 lib/orangescrt.a(syscall.o)
                0x000000000000e490                sendrec
                0x000000000000e4aa                printx
 *(.gnu.warning)

.fini
 *(SORT(.fini))
                [!provide]                        PROVIDE (__etext, .)
                [!provide]                        PROVIDE (_etext, .)
                [!provide]                        PROVIDE (etext, .)

.rodata         0x000000000000e4c0     0x2f4f
 *(.rodata .rodata.* .gnu.linkonce.r.*)
 .rodata        0x000000000000e4c0       0x47 kernel/start.o
 *fill*         0x000000000000e507        0x1 
 .rodata        0x000000000000e508      0xba8 kernel/main.o
 .rodata        0x000000000000f0b0       0x64 kernel/keyboard.o
 .rodata        0x000000000000f114      0x168 kernel/tty.o
 .rodata        0x000000000000f27c       0x5b kernel/console.o
 .rodata        0x000000000000f2d7       0x11 kernel/i8259.o
 .rodata        0x000000000000f2e8       0x10 kernel/global.o
                0x000000000000f2e8                FSBUF_SIZE
                0x000000000000f2ec                MMBUF_SIZE
                0x000000000000f2f0                LOGBUF_SIZE
                0x000000000000f2f4                LOGDISKBUF_SIZE
 *fill*         0x000000000000f2f8        0x8 
 .rodata        0x000000000000f300      0x580 kernel/protect.o
 .rodata        0x000000000000f880      0x5da kernel/proc.o
 .rodata        0x000000000000fe5a       0x11 kernel/systask.o
 *fill*         0x000000000000fe6b        0x1 
 .rodata        0x000000000000fe6c      0x1df kernel/hd.o
 *fill*         0x000000000001004b        0x1 
 .rodata        0x000000000001004c       0x6a kernel/klib.o
 .rodata        0x00000000000100b6       0x1e lib/syslog.o
 .rodata        0x00000000000100d4       0xb1 mm/main.o
 *fill*         0x0000000000010185        0x3 
 .rodata        0x0000000000010188       0xe7 mm/forkexit.o
 *fill*         0x000000000001026f        0x1 
 .rodata        0x0000000000010270       0xa4 mm/exec.o
 .rodata        0x0000000000010314      0x29a fs/main.o
 *fill*         0x00000000000105ae        0x2 
 .rodata        0x00000000000105b0      0x13c fs/open.o
 .rodata        0x00000000000106ec       0x60 fs/misc.o
 .rodata        0x000000000001074c      0x164 fs/read_write.o
 .rodata        0x00000000000108b0      0x16d fs/link.o
 *fill*         0x0000000000010a1d        0x3 
 .rodata        0x0000000000010a20      0x806 fs/disklog.o
 .rodata        0x0000000000011226       0x14 lib/orangescrt.a(printf.o)
 *fill*         0x000000000001123a        0x2 
 .rodata        0x000000000001123c       0xad lib/orangescrt.a(misc.o)
 .rodata        0x00000000000112e9       0x23 lib/orangescrt.a(open.o)
 .rodata        0x000000000001130c       0x25 lib/orangescrt.a(getpid.o)
 .rodata        0x0000000000011331       0x23 lib/orangescrt.a(stat.o)
 .rodata        0x0000000000011354       0x33 lib/orangescrt.a(fork.o)
 *fill*         0x0000000000011387        0x1 
 .rodata        0x0000000000011388       0x87 lib/orangescrt.a(exec.o)

.rodata1
 *(.rodata1)

.eh_frame_hdr
 *(.eh_frame_hdr)
 *(.eh_frame_entry .eh_frame_entry.*)

.eh_frame       0x0000000000011410     0x1538
 *(.eh_frame)
 .eh_frame      0x0000000000011410       0x38 kernel/start.o
 .eh_frame      0x0000000000011448      0x388 kernel/main.o
                                        0x3a0 (size before relaxing)
 .eh_frame      0x00000000000117d0       0x60 kernel/clock.o
                                         0x78 (size before relaxing)
 .eh_frame      0x0000000000011830       0xe0 kernel/keyboard.o
                                         0xf8 (size before relaxing)
 .eh_frame      0x0000000000011910      0x13c kernel/tty.o
                                        0x154 (size before relaxing)
 .eh_frame      0x0000000000011a4c      0x144 kernel/console.o
                                        0x15c (size before relaxing)
 .eh_frame      0x0000000000011b90       0x60 kernel/i8259.o
                                         0x78 (size before relaxing)
 .eh_frame      0x0000000000011bf0       0xb0 kernel/protect.o
                                         0xc8 (size before relaxing)
 .eh_frame      0x0000000000011ca0      0x1b8 kernel/proc.o
                                        0x1d0 (size before relaxing)
 .eh_frame      0x0000000000011e58       0x5c kernel/systask.o
                                         0x74 (size before relaxing)
 .eh_frame      0x0000000000011eb4      0x1f0 kernel/hd.o
                                        0x208 (size before relaxing)
 .eh_frame      0x00000000000120a4       0xa0 kernel/klib.o
                                         0xb8 (size before relaxing)
 .eh_frame      0x0000000000012144       0x20 lib/syslog.o
                                         0x38 (size before relaxing)
 .eh_frame      0x0000000000012164       0x7c mm/main.o
                                         0x94 (size before relaxing)
 .eh_frame      0x00000000000121e0       0x90 mm/forkexit.o
                                         0xa8 (size before relaxing)
 .eh_frame      0x0000000000012270       0x2c mm/exec.o
                                         0x44 (size before relaxing)
 .eh_frame      0x000000000001229c      0x170 fs/main.o
                                        0x188 (size before relaxing)
 .eh_frame      0x000000000001240c      0x120 fs/open.o
                                        0x138 (size before relaxing)
 .eh_frame      0x000000000001252c       0x68 fs/misc.o
                                         0x80 (size before relaxing)
 .eh_frame      0x0000000000012594       0x2c fs/read_write.o
                                         0x44 (size before relaxing)
 .eh_frame      0x00000000000125c0       0x2c fs/link.o
                                         0x44 (size before relaxing)
 .eh_frame      0x00000000000125ec       0x60 fs/disklog.o
                                         0x78 (size before relaxing)
 .eh_frame      0x000000000001264c       0x40 lib/orangescrt.a(printf.o)
                                         0x58 (size before relaxing)
 .eh_frame      0x000000000001268c       0x60 lib/orangescrt.a(vsprintf.o)
                                         0x78 (size before relaxing)
 .eh_frame      0x00000000000126ec       0xdc lib/orangescrt.a(misc.o)
                                         0xf4 (size before relaxing)
 .eh_frame      0x00000000000127c8       0x20 lib/orangescrt.a(open.o)
                                         0x38 (size before relaxing)
 .eh_frame      0x00000000000127e8       0x20 lib/orangescrt.a(read.o)
                                         0x38 (size before relaxing)
 .eh_frame      0x0000000000012808       0x20 lib/orangescrt.a(write.o)
                                         0x38 (size before relaxing)
 .eh_frame      0x0000000000012828       0x20 lib/orangescrt.a(close.o)
                                         0x38 (size before relaxing)
 .eh_frame      0x0000000000012848       0x20 lib/orangescrt.a(unlink.o)
                                         0x38 (size before relaxing)
 .eh_frame      0x0000000000012868       0x20 lib/orangescrt.a(getpid.o)
                                         0x38 (size before relaxing)
 .eh_frame      0x0000000000012888       0x20 lib/orangescrt.a(stat.o)
                                         0x38 (size before relaxing)
 .eh_frame      0x00000000000128a8       0x20 lib/orangescrt.a(fork.o)
                                         0x38 (size before relaxing)
 .eh_frame      0x00000000000128c8       0x20 lib/orangescrt.a(wait.o)
                                         0x38 (size before relaxing)
 .eh_frame      0x00000000000128e8       0x60 lib/orangescrt.a(exec.o)
                                         0x78 (size before relaxing)
 *(.eh_frame.*)

.gcc_except_table
 *(.gcc_except_table .gcc_except_table.*)

.gnu_extab
 *(.gnu_extab*)

.exception_ranges
 *(.exception_ranges .exception_ranges*)
                0x0000000000013948                . = DATA_SEGMENT_ALIGN (0x1000, 0x1000)

.eh_frame
 *(.eh_frame)
 *(.eh_frame.*)

.gnu_extab
 *(.gnu_extab)

.gcc_except_table
 *(.gcc_except_table .gcc_except_table.*)

.exception_ranges
 *(.exception_ranges .exception_ranges*)

.tdata
 *(.tdata .tdata.* .gnu.linkonce.td.*)

.tbss
 *(.tbss .tbss.* .gnu.linkonce.tb.*)
 *(.tcommon)

.preinit_array  0x0000000000013948        0x0
                [!provide]                        PROVIDE (__preinit_array_start, .)
 *(.preinit_array)
                [!provide]                        PROVIDE (__preinit_array_end, .)

.init_array     0x0000000000013948        0x0
                [!provide]                        PROVIDE (__init_array_start, .)
 *(SORT(.init_array.*) SORT(.ctors.*))
 *(.init_array EXCLUDE_FILE(*crtend?.o *crtend.o *crtbegin?.o *crtbegin.o) .ctors)
                [!provide]                        PROVIDE (__init_array_end, .)

.fini_array     0x0000000000013948        0x0
                [!provide]                        PROVIDE (__fini_array_start, .)
 *(SORT(.fini_array.*) SORT(.dtors.*))
 *(.fini_array EXCLUDE_FILE(*crtend?.o *crtend.o *crtbegin?.o *crtbegin.o) .dtors)
                [!provide]                        PROVIDE (__fini_array_end, .)

.ctors
 *crtbegin.o(.ctors)
 *crtbegin?.o(.ctors)
 *(EXCLUDE_FILE(*crtend?.o *crtend.o) .ctors)
 *(SORT(.ctors.*))
 *(.ctors)

.dtors
 *crtbegin.o(.dtors)
 *crtbegin?.o(.dtors)
 *(EXCLUDE_FILE(*crtend?.o *crtend.o) .dtors)
 *(SORT(.dtors.*))
 *(.dtors)

.jcr
 *(.jcr)

.data.rel.ro
 *(.data.rel.ro.local* .gnu.linkonce.d.rel.ro.local.*)
 *(.data.rel.ro .data.rel.ro.* .gnu.linkonce.d.rel.ro.*)

.dynamic
 *(.dynamic)

.got
 *(.got)
 *(.igot)
                0x0000000000013948                . = DATA_SEGMENT_RELRO_END (., (SIZEOF (.got.plt) >= 0xc)?0xc:0x0)

.got.plt        0x0000000000013948        0x0
 *(.got.plt)
 *(.igot.plt)
 .igot.plt      0x0000000000013948        0x0 kernel/kernel.o

.data           0x0000000000013960      0x834
 *(.data .data.* .gnu.linkonce.d.*)
 .data          0x0000000000013960        0x2 kernel/kernel.o
 .data          0x0000000000013962        0x0 kernel/start.o
 *fill*         0x0000000000013962       0x1e 
 .data          0x0000000000013980       0x20 kernel/main.o
                0x0000000000013980                location
 .data          0x00000000000139a0        0x0 kernel/clock.o
 .data          0x00000000000139a0      0x600 kernel/keyboard.o
                0x00000000000139a0                keymap
 .data          0x0000000000013fa0       0x22 kernel/tty.o
 .data          0x0000000000013fc2        0x0 kernel/console.o
 .data          0x0000000000013fc2        0x0 kernel/i8259.o
 *fill*         0x0000000000013fc2       0x1e 
 .data          0x0000000000013fe0      0x1b4 kernel/global.o
                0x0000000000013fe0                task_table
                0x00000000000140c0                user_proc_table
                0x0000000000014160                sys_call_table
                0x000000000001416c                dd_map
                0x0000000000014184                fsbuf
                0x0000000000014188                mmbuf
                0x000000000001418c                logbuf
                0x0000000000014190                logdiskbuf
 .data          0x0000000000014194        0x0 kernel/protect.o
 .data          0x0000000000014194        0x0 kernel/proc.o
 .data          0x0000000000014194        0x0 kernel/systask.o
 .data          0x0000000000014194        0x0 kernel/hd.o
 .data          0x0000000000014194        0x0 kernel/klib.o
 .data          0x0000000000014194        0x0 lib/syslog.o
 .data          0x0000000000014194        0x0 mm/main.o
 .data          0x0000000000014194        0x0 mm/forkexit.o
 .data          0x0000000000014194        0x0 mm/exec.o
 .data          0x0000000000014194        0x0 fs/main.o
 .data          0x0000000000014194        0x0 fs/open.o
 .data          0x0000000000014194        0x0 fs/misc.o
 .data          0x0000000000014194        0x0 fs/read_write.o
 .data          0x0000000000014194        0x0 fs/link.o
 .data          0x0000000000014194        0x0 fs/disklog.o
 .data          0x0000000000014194        0x0 lib/orangescrt.a(printf.o)
 .data          0x0000000000014194        0x0 lib/orangescrt.a(vsprintf.o)
 .data          0x0000000000014194        0x0 lib/orangescrt.a(misc.o)
 .data          0x0000000000014194        0x0 lib/orangescrt.a(open.o)
 .data          0x0000000000014194        0x0 lib/orangescrt.a(read.o)
 .data          0x0000000000014194        0x0 lib/orangescrt.a(write.o)
 .data          0x0000000000014194        0x0 lib/orangescrt.a(close.o)
 .data          0x0000000000014194        0x0 lib/orangescrt.a(unlink.o)
 .data          0x0000000000014194        0x0 lib/orangescrt.a(getpid.o)
 .data          0x0000000000014194        0x0 lib/orangescrt.a(stat.o)
 .data          0x0000000000014194        0x0 lib/orangescrt.a(fork.o)
 .data          0x0000000000014194        0x0 lib/orangescrt.a(wait.o)
 .data          0x0000000000014194        0x0 lib/orangescrt.a(exec.o)

.data1
 *(.data1)
                0x0000000000014194                _edata = .
                [!provide]                        PROVIDE (edata, .)
                0x0000000000014194                . = .
                0x0000000000014194                __bss_start = .

.bss            0x00000000000141a0    0x2bd08
 *(.dynbss)
 *(.bss .bss.* .gnu.linkonce.b.*)
 .bss           0x00000000000141a0      0x800 kernel/kernel.o
 .bss           0x00000000000149a0        0x0 kernel/start.o
 .bss           0x00000000000149a0        0x0 kernel/main.o
 .bss           0x00000000000149a0        0x0 kernel/clock.o
 .bss           0x00000000000149a0       0x58 kernel/keyboard.o
 .bss           0x00000000000149f8        0x0 kernel/tty.o
 .bss           0x00000000000149f8        0x0 kernel/console.o
 .bss           0x00000000000149f8        0x0 kernel/i8259.o
 .bss           0x00000000000149f8        0x0 kernel/global.o
 .bss           0x00000000000149f8        0x0 kernel/protect.o
 .bss           0x00000000000149f8        0x0 kernel/proc.o
 .bss           0x00000000000149f8        0x0 kernel/systask.o
 *fill*         0x00000000000149f8        0x8 
 .bss           0x0000000000014a00      0x64c kernel/hd.o
 .bss           0x000000000001504c        0x0 kernel/klib.o
 .bss           0x000000000001504c        0x0 lib/syslog.o
 .bss           0x000000000001504c        0x0 mm/main.o
 .bss           0x000000000001504c        0x0 mm/forkexit.o
 .bss           0x000000000001504c        0x0 mm/exec.o
 .bss           0x000000000001504c        0x0 fs/main.o
 .bss           0x000000000001504c        0x0 fs/open.o
 .bss           0x000000000001504c        0x0 fs/misc.o
 .bss           0x000000000001504c        0x0 fs/read_write.o
 .bss           0x000000000001504c        0x0 fs/link.o
 *fill*         0x000000000001504c       0x14 
 .bss           0x0000000000015060      0x208 fs/disklog.o
 .bss           0x0000000000015268        0x0 lib/orangescrt.a(printf.o)
 .bss           0x0000000000015268        0x0 lib/orangescrt.a(vsprintf.o)
 .bss           0x0000000000015268        0x0 lib/orangescrt.a(misc.o)
 .bss           0x0000000000015268        0x0 lib/orangescrt.a(open.o)
 .bss           0x0000000000015268        0x0 lib/orangescrt.a(read.o)
 .bss           0x0000000000015268        0x0 lib/orangescrt.a(write.o)
 .bss           0x0000000000015268        0x0 lib/orangescrt.a(close.o)
 .bss           0x0000000000015268        0x0 lib/orangescrt.a(unlink.o)
 .bss           0x0000000000015268        0x0 lib/orangescrt.a(getpid.o)
 .bss           0x0000000000015268        0x0 lib/orangescrt.a(stat.o)
 .bss           0x0000000000015268        0x0 lib/orangescrt.a(fork.o)
 .bss           0x0000000000015268        0x0 lib/orangescrt.a(wait.o)
 .bss           0x0000000000015268        0x0 lib/orangescrt.a(exec.o)
 *(COMMON)
 *fill*         0x0000000000015268       0x18 
 COMMON         0x0000000000015280      0x480 kernel/main.o
                0x0000000000015280                dirmap
                0x0000000000015300                dir
 COMMON         0x0000000000015700    0x2a798 kernel/global.o
                0x0000000000015700                idt_ptr
                0x0000000000015720                inode_table
                0x0000000000016220                task_stack
                0x000000000003a220                k_reenter
                0x000000000003a240                gdt
                0x000000000003a640                current_console
                0x000000000003a644                pcaller
                0x000000000003a660                tty_table
                0x000000000003b2e0                tss
                0x000000000003b360                fs_msg
                0x000000000003b410                memory_size
                0x000000000003b420                f_desc_table
                0x000000000003b820                root_inode
                0x000000000003b824                disp_pos
                0x000000000003b840                mm_msg
                0x000000000003b8f0                key_pressed
                0x000000000003b8f4                gdt_ptr
                0x000000000003b900                idt
                0x000000000003c100                super_block
                0x000000000003c2e0                ticks
                0x000000000003c300                console_table
                0x000000000003c340                irq_table
                0x000000000003c380                p_proc_ready
                0x000000000003c3a0                proc_table
 COMMON         0x000000000003fe98       0x10 kernel/hd.o
                0x000000000003fe98                PARTITION_ENTRY
                0x000000000003fea8                . = ALIGN ((. != 0x0)?0x4:0x1)
                0x000000000003fea8                . = ALIGN (0x4)
                0x000000000003fea8                . = SEGMENT_START ("ldata-segment", .)
                0x000000000003fea8                . = ALIGN (0x4)
                0x000000000003fea8                _end = .
                [!provide]                        PROVIDE (end, .)
                0x000000000003fea8                . = DATA_SEGMENT_END (.)

.stab
 *(.stab)

.stabstr
 *(.stabstr)

.stab.excl
 *(.stab.excl)

.stab.exclstr
 *(.stab.exclstr)

.stab.index
 *(.stab.index)

.stab.indexstr
 *(.stab.indexstr)

.comment        0x0000000000000000       0x35
 *(.comment)
 .comment       0x0000000000000000       0x35 kernel/start.o
                                         0x36 (size before relaxing)
 .comment       0x0000000000000035       0x36 kernel/main.o
 .comment       0x0000000000000035       0x36 kernel/clock.o
 .comment       0x0000000000000035       0x36 kernel/keyboard.o
 .comment       0x0000000000000035       0x36 kernel/tty.o
 .comment       0x0000000000000035       0x36 kernel/console.o
 .comment       0x0000000000000035       0x36 kernel/i8259.o
 .comment       0x0000000000000035       0x36 kernel/global.o
 .comment       0x0000000000000035       0x36 kernel/protect.o
 .comment       0x0000000000000035       0x36 kernel/proc.o
 .comment       0x0000000000000035       0x36 kernel/systask.o
 .comment       0x0000000000000035       0x36 kernel/hd.o
 .comment       0x0000000000000035       0x36 kernel/klib.o
 .comment       0x0000000000000035       0x36 lib/syslog.o
 .comment       0x0000000000000035       0x36 mm/main.o
 .comment       0x0000000000000035       0x36 mm/forkexit.o
 .comment       0x0000000000000035       0x36 mm/exec.o
 .comment       0x0000000000000035       0x36 fs/main.o
 .comment       0x0000000000000035       0x36 fs/open.o
 .comment       0x0000000000000035       0x36 fs/misc.o
 .comment       0x0000000000000035       0x36 fs/read_write.o
 .comment       0x0000000000000035       0x36 fs/link.o
 .comment       0x0000000000000035       0x36 fs/disklog.o
 .comment       0x0000000000000035       0x36 lib/orangescrt.a(printf.o)
 .comment       0x0000000000000035       0x36 lib/orangescrt.a(vsprintf.o)
 .comment       0x0000000000000035       0x36 lib/orangescrt.a(misc.o)
 .comment       0x0000000000000035       0x36 lib/orangescrt.a(open.o)
 .comment       0x0000000000000035       0x36 lib/orangescrt.a(read.o)
 .comment       0x0000000000000035       0x36 lib/orangescrt.a(write.o)
 .comment       0x0000000000000035       0x36 lib/orangescrt.a(close.o)
 .comment       0x0000000000000035       0x36 lib/orangescrt.a(unlink.o)
 .comment       0x0000000000000035       0x36 lib/orangescrt.a(getpid.o)
 .comment       0x0000000000000035       0x36 lib/orangescrt.a(stat.o)
 .comment       0x0000000000000035       0x36 lib/orangescrt.a(fork.o)
 .comment       0x0000000000000035       0x36 lib/orangescrt.a(wait.o)
 .comment       0x0000000000000035       0x36 lib/orangescrt.a(exec.o)

.debug
 *(.debug)

.line
 *(.line)

.debug_srcinfo
 *(.debug_srcinfo)

.debug_sfnames
 *(.debug_sfnames)

.debug_aranges
 *(.debug_aranges)

.debug_pubnames
 *(.debug_pubnames)

.debug_info
 *(.debug_info .gnu.linkonce.wi.*)

.debug_abbrev
 *(.debug_abbrev)

.debug_line
 *(.debug_line .debug_line.* .debug_line_end)

.debug_frame
 *(.debug_frame)

.debug_str
 *(.debug_str)

.debug_loc
 *(.debug_loc)

.debug_macinfo
 *(.debug_macinfo)

.debug_weaknames
 *(.debug_weaknames)

.debug_funcnames
 *(.debug_funcnames)

.debug_typenames
 *(.debug_typenames)

.debug_varnames
 *(.debug_varnames)

.debug_pubtypes
 *(.debug_pubtypes)

.debug_ranges
 *(.debug_ranges)

.debug_macro
 *(.debug_macro)

.gnu.attributes
 *(.gnu.attributes)

/DISCARD/
 *(.note.GNU-stack)
 *(.gnu_debuglink)
 *(.gnu.lto_*)
OUTPUT(kernel.bin elf32-i386)
