Archive member included to satisfy reference by file (symbol)

lib/orangescrt.a(printf.o)    kernel/main.o (printf)
lib/orangescrt.a(vsprintf.o)  kernel/main.o (vsprintf)
lib/orangescrt.a(string.o)    kernel/start.o (memcpy)
lib/orangescrt.a(misc.o)      kernel/main.o (send_recv)
lib/orangescrt.a(open.o)      kernel/main.o (open)
lib/orangescrt.a(read.o)      kernel/main.o (read)
lib/orangescrt.a(write.o)     kernel/main.o (write)
lib/orangescrt.a(close.o)     kernel/main.o (close)
lib/orangescrt.a(unlink.o)    kernel/main.o (unlink)
lib/orangescrt.a(getpid.o)    fs/disklog.o (getpid)
lib/orangescrt.a(stat.o)      mm/exec.o (stat)
lib/orangescrt.a(fork.o)      kernel/main.o (fork)
lib/orangescrt.a(wait.o)      kernel/main.o (wait)
lib/orangescrt.a(exec.o)      kernel/main.o (execv)
lib/orangescrt.a(syscall.o)   lib/orangescrt.a(misc.o) (sendrec)

Allocating common symbols
Common symbol       size              file

filequeue           0x140             kernel/main.o
idt_ptr             0x6               kernel/global.o
dirs                0x258             kernel/main.o
inode_table         0xb00             kernel/global.o
task_stack          0x24000           kernel/global.o
k_reenter           0x4               kernel/global.o
gdt                 0x400             kernel/global.o
current_console     0x4               kernel/global.o
pcaller             0x4               kernel/global.o
tty_table           0xc6c             kernel/global.o
tss                 0x68              kernel/global.o
fs_msg              0xb0              kernel/global.o
memory_size         0x4               kernel/global.o
f_desc_table        0x400             kernel/global.o
dirqueue            0x140             kernel/main.o
root_inode          0x4               kernel/global.o
disp_pos            0x4               kernel/global.o
files               0x3c0             kernel/main.o
mm_msg              0xb0              kernel/global.o
key_pressed         0x4               kernel/global.o
gdt_ptr             0x6               kernel/global.o
idt                 0x800             kernel/global.o
super_block         0x1e0             kernel/global.o
PARTITION_ENTRY     0x10              kernel/hd.o
ticks               0x4               kernel/global.o
console_table       0x3c              kernel/global.o
irq_table           0x40              kernel/global.o
p_proc_ready        0x4               kernel/global.o
proc_table          0x3af8            kernel/global.o

Discarded input sections

 .note.GNU-stack
                0x0000000000000000        0x0 kernel/start.o
 .note.GNU-stack
                0x0000000000000000        0x0 kernel/main.o
 .note.GNU-stack
                0x0000000000000000        0x0 kernel/clock.o
 .note.GNU-stack
                0x0000000000000000        0x0 kernel/keyboard.o
 .note.GNU-stack
                0x0000000000000000        0x0 kernel/tty.o
 .note.GNU-stack
                0x0000000000000000        0x0 kernel/console.o
 .note.GNU-stack
                0x0000000000000000        0x0 kernel/i8259.o
 .note.GNU-stack
                0x0000000000000000        0x0 kernel/global.o
 .note.GNU-stack
                0x0000000000000000        0x0 kernel/protect.o
 .note.GNU-stack
                0x0000000000000000        0x0 kernel/proc.o
 .note.GNU-stack
                0x0000000000000000        0x0 kernel/systask.o
 .note.GNU-stack
                0x0000000000000000        0x0 kernel/hd.o
 .note.GNU-stack
                0x0000000000000000        0x0 kernel/klib.o
 .note.GNU-stack
                0x0000000000000000        0x0 lib/syslog.o
 .note.GNU-stack
                0x0000000000000000        0x0 mm/main.o
 .note.GNU-stack
                0x0000000000000000        0x0 mm/forkexit.o
 .note.GNU-stack
                0x0000000000000000        0x0 mm/exec.o
 .note.GNU-stack
                0x0000000000000000        0x0 fs/main.o
 .note.GNU-stack
                0x0000000000000000        0x0 fs/open.o
 .note.GNU-stack
                0x0000000000000000        0x0 fs/misc.o
 .note.GNU-stack
                0x0000000000000000        0x0 fs/read_write.o
 .note.GNU-stack
                0x0000000000000000        0x0 fs/link.o
 .note.GNU-stack
                0x0000000000000000        0x0 fs/disklog.o
 .note.GNU-stack
                0x0000000000000000        0x0 lib/orangescrt.a(printf.o)
 .note.GNU-stack
                0x0000000000000000        0x0 lib/orangescrt.a(vsprintf.o)
 .note.GNU-stack
                0x0000000000000000        0x0 lib/orangescrt.a(misc.o)
 .note.GNU-stack
                0x0000000000000000        0x0 lib/orangescrt.a(open.o)
 .note.GNU-stack
                0x0000000000000000        0x0 lib/orangescrt.a(read.o)
 .note.GNU-stack
                0x0000000000000000        0x0 lib/orangescrt.a(write.o)
 .note.GNU-stack
                0x0000000000000000        0x0 lib/orangescrt.a(close.o)
 .note.GNU-stack
                0x0000000000000000        0x0 lib/orangescrt.a(unlink.o)
 .note.GNU-stack
                0x0000000000000000        0x0 lib/orangescrt.a(getpid.o)
 .note.GNU-stack
                0x0000000000000000        0x0 lib/orangescrt.a(stat.o)
 .note.GNU-stack
                0x0000000000000000        0x0 lib/orangescrt.a(fork.o)
 .note.GNU-stack
                0x0000000000000000        0x0 lib/orangescrt.a(wait.o)
 .note.GNU-stack
                0x0000000000000000        0x0 lib/orangescrt.a(exec.o)

Memory Configuration

Name             Origin             Length             Attributes
*default*        0x0000000000000000 0xffffffffffffffff

Linker script and memory map

Address of section .text set to 0x1000
LOAD kernel/kernel.o
LOAD kernel/start.o
LOAD kernel/main.o
LOAD kernel/clock.o
LOAD kernel/keyboard.o
LOAD kernel/tty.o
LOAD kernel/console.o
LOAD kernel/i8259.o
LOAD kernel/global.o
LOAD kernel/protect.o
LOAD kernel/proc.o
LOAD kernel/systask.o
LOAD kernel/hd.o
LOAD kernel/kliba.o
LOAD kernel/klib.o
LOAD lib/syslog.o
LOAD mm/main.o
LOAD mm/forkexit.o
LOAD mm/exec.o
LOAD fs/main.o
LOAD fs/open.o
LOAD fs/misc.o
LOAD fs/read_write.o
LOAD fs/link.o
LOAD fs/disklog.o
LOAD lib/orangescrt.a
                [!provide]                        PROVIDE (__executable_start, 0x8048000)
                0x0000000008048094                . = (0x8048000 + SIZEOF_HEADERS)

.interp
 *(.interp)

.note.gnu.build-id
 *(.note.gnu.build-id)

.hash
 *(.hash)

.gnu.hash
 *(.gnu.hash)

.dynsym
 *(.dynsym)

.dynstr
 *(.dynstr)

.gnu.version
 *(.gnu.version)

.gnu.version_d
 *(.gnu.version_d)

.gnu.version_r
 *(.gnu.version_r)

.rel.dyn        0x0000000008048094        0x0
 *(.rel.init)
 *(.rel.text .rel.text.* .rel.gnu.linkonce.t.*)
 .rel.text      0x0000000008048094        0x0 kernel/kernel.o
 *(.rel.fini)
 *(.rel.rodata .rel.rodata.* .rel.gnu.linkonce.r.*)
 *(.rel.data.rel.ro .rel.data.rel.ro.* .rel.gnu.linkonce.d.rel.ro.*)
 *(.rel.data .rel.data.* .rel.gnu.linkonce.d.*)
 .rel.data      0x0000000008048094        0x0 kernel/kernel.o
 *(.rel.tdata .rel.tdata.* .rel.gnu.linkonce.td.*)
 *(.rel.tbss .rel.tbss.* .rel.gnu.linkonce.tb.*)
 *(.rel.ctors)
 *(.rel.dtors)
 *(.rel.got)
 *(.rel.bss .rel.bss.* .rel.gnu.linkonce.b.*)
 *(.rel.ifunc)

.rel.plt        0x0000000008048094        0x0
 *(.rel.plt)
                [!provide]                        PROVIDE (__rel_iplt_start, .)
 *(.rel.iplt)
 .rel.iplt      0x0000000008048094        0x0 kernel/kernel.o
                [!provide]                        PROVIDE (__rel_iplt_end, .)

.init
 *(SORT(.init))

.plt            0x00000000080480a0        0x0
 *(.plt)
 *(.iplt)
 .iplt          0x00000000080480a0        0x0 kernel/kernel.o

.plt.got
 *(.plt.got)

.text           0x0000000000001000     0xdd88
 *(.text.unlikely .text.*_unlikely .text.unlikely.*)
 *(.text.exit .text.exit.*)
 *(.text.startup .text.startup.*)
 *(.text.hot .text.hot.*)
 *(.text .stub .text.* .gnu.linkonce.t.*)
 .text          0x0000000000001000      0x410 kernel/kernel.o
                0x0000000000001000                _start
                0x0000000000001040                hwint00
                0x0000000000001070                hwint01
                0x00000000000010a0                hwint02
                0x00000000000010d0                hwint03
                0x0000000000001100                hwint04
                0x0000000000001130                hwint05
                0x0000000000001160                hwint06
                0x0000000000001190                hwint07
                0x00000000000011c0                hwint08
                0x00000000000011f0                hwint09
                0x0000000000001220                hwint10
                0x0000000000001250                hwint11
                0x0000000000001280                hwint12
                0x00000000000012b0                hwint13
                0x00000000000012e0                hwint14
                0x0000000000001310                hwint15
                0x0000000000001334                divide_error
                0x000000000000133a                single_step_exception
                0x0000000000001340                nmi
                0x0000000000001346                breakpoint_exception
                0x000000000000134c                overflow
                0x0000000000001352                bounds_check
                0x0000000000001358                inval_opcode
                0x000000000000135e                copr_not_available
                0x0000000000001364                double_fault
                0x0000000000001368                copr_seg_overrun
                0x000000000000136e                inval_tss
                0x0000000000001372                segment_not_present
                0x0000000000001376                stack_exception
                0x000000000000137a                general_protection
                0x000000000000137e                page_fault
                0x0000000000001382                copr_error
                0x00000000000013cb                sys_call
                0x00000000000013eb                restart
 .text          0x0000000000001410       0x95 kernel/start.o
                0x0000000000001410                cstart
 .text          0x00000000000014a5     0x26ad kernel/main.o
                0x00000000000014a5                kernel_main
                0x00000000000017c3                get_ticks
                0x0000000000001803                untar
                0x00000000000019c1                Init
                0x0000000000001ae3                TestA
                0x0000000000001ae8                TestB
                0x0000000000001aed                TestC
                0x0000000000001af2                panic
                0x0000000000001b38                shabby_shell
                0x00000000000024ba                welcome
                0x0000000000002563                clear
                0x0000000000002596                off
                0x000000000000259c                showProcess
                0x00000000000026de                killProcess
                0x00000000000027af                makeProcess
                0x0000000000002892                help
                0x00000000000029bb                colorful
                0x0000000000002c9f                information
                0x0000000000002d26                initFS
                0x0000000000002dc8                isDir
                0x0000000000002df3                getFilepath
                0x0000000000002e0f                getDirFilepath
                0x0000000000002e3e                getDirpathAndFilename
                0x0000000000002f33                getFreeFilePos
                0x0000000000002f7d                getFreeDirPos
                0x0000000000002fc7                getPosInDirQueue
                0x0000000000003017                addFileIntoDir
                0x00000000000030a6                deleteFileFromDir
                0x00000000000031fe                createFile
                0x00000000000032f7                createDir
                0x00000000000033f5                readFile
                0x000000000000351d                editCover
                0x00000000000035df                editAppand
                0x00000000000036e0                deleteFile
                0x00000000000037cf                deleteDir
                0x00000000000039f7                ls
                0x0000000000003a75                cd
                0x0000000000003af3                cdback
 .text          0x0000000000003b52      0x10d kernel/clock.o
                0x0000000000003b52                clock_handler
                0x0000000000003bcd                milli_delay
                0x0000000000003c07                init_clock
 .text          0x0000000000003c5f      0x6da kernel/keyboard.o
                0x0000000000003c5f                keyboard_handler
                0x0000000000003cc9                init_keyboard
                0x0000000000003d78                keyboard_read
 .text          0x0000000000004339      0xa83 kernel/tty.o
                0x0000000000004339                task_tty
                0x0000000000004548                in_process
                0x0000000000004abc                sys_printx
                0x0000000000004c5b                dump_tty_buf
 .text          0x0000000000004dbc      0x7d7 kernel/console.o
                0x0000000000004dbc                init_screen
                0x0000000000004f30                out_char
                0x000000000000520d                is_current_console
                0x0000000000005300                select_console
                0x0000000000005340                scroll_screen
 .text          0x0000000000005593      0x130 kernel/i8259.o
                0x0000000000005593                init_8259A
                0x0000000000005668                spurious_irq
                0x000000000000569f                put_irq_handler
 .text          0x00000000000056c3        0x0 kernel/global.o
 .text          0x00000000000056c3      0x65f kernel/protect.o
                0x00000000000056c3                init_prot
                0x0000000000005b2b                seg2linear
                0x0000000000005b7a                init_desc
                0x0000000000005be7                exception_handler
 .text          0x0000000000005d22     0x1622 kernel/proc.o
                0x0000000000005d22                schedule
                0x0000000000005dae                sys_sendrec
                0x0000000000005ece                ldt_seg_linear
                0x0000000000005f18                va2la
                0x0000000000005f79                reset_msg
                0x0000000000006d79                inform_int
                0x0000000000006ee9                dump_proc
                0x0000000000007225                dump_msg
 .text          0x0000000000007344      0x2dd kernel/systask.o
                0x0000000000007344                task_sys
 .text          0x0000000000007621      0xe6d kernel/hd.o
                0x0000000000007621                task_hd
                0x0000000000008463                hd_handler
 *fill*         0x000000000000848e        0x2 
 .text          0x0000000000008490      0x19a kernel/kliba.o
                0x0000000000008490                disp_str
                0x00000000000084ce                disp_color_str
                0x000000000000850d                out_byte
                0x0000000000008519                in_byte
                0x0000000000008523                port_read
                0x0000000000008536                port_write
                0x0000000000008549                disable_irq
                0x000000000000857e                enable_irq
                0x000000000000859d                disable_int
                0x000000000000859f                enable_int
                0x00000000000085a1                glitter
 .text          0x000000000000862a      0x416 kernel/klib.o
                0x000000000000862a                get_boot_params
                0x00000000000086b0                get_kernel_map
                0x00000000000087c0                itoa
                0x000000000000886b                disp_int
                0x0000000000008892                delay
                0x00000000000088d9                str2Int
                0x0000000000008976                getMag
                0x00000000000089ac                getSize
                0x00000000000089de                showFormatString
 .text          0x0000000000008a40       0x6f lib/syslog.o
                0x0000000000008a40                syslog
 .text          0x0000000000008aaf      0x1bc mm/main.o
                0x0000000000008aaf                task_mm
                0x0000000000008be6                alloc_mem
                0x0000000000008c61                free_mem
 .text          0x0000000000008c6b      0x5e1 mm/forkexit.o
                0x0000000000008c6b                do_fork
                0x0000000000008fb2                do_exit
                0x000000000000918d                do_wait
 .text          0x000000000000924c      0x356 mm/exec.o
                0x000000000000924c                do_exec
 .text          0x00000000000095a2     0x10e4 fs/main.o
                0x00000000000095a2                task_fs
                0x000000000000a04d                rw_sector
                0x000000000000a28e                get_super_block
                0x000000000000a2d4                get_inode
                0x000000000000a437                put_inode
                0x000000000000a475                sync_inode
 .text          0x000000000000a686      0xaa6 fs/open.o
                0x000000000000a686                do_open
                0x000000000000aac8                do_close
                0x000000000000ab43                do_lseek
 .text          0x000000000000b12c      0x3b2 fs/misc.o
                0x000000000000b12c                do_stat
                0x000000000000b2fd                search_file
                0x000000000000b453                strip_path
 .text          0x000000000000b4de      0x49a fs/read_write.o
                0x000000000000b4de                do_rdwt
 .text          0x000000000000b978      0x808 fs/link.o
                0x000000000000b978                do_unlink
 .text          0x000000000000c180     0x1fb8 fs/disklog.o
                0x000000000000c180                disklog
                0x000000000000c6ed                dump_fd_graph
 .text          0x000000000000e138       0xad lib/orangescrt.a(printf.o)
                0x000000000000e138                printf
                0x000000000000e1a3                printl
 .text          0x000000000000e1e5      0x305 lib/orangescrt.a(vsprintf.o)
                0x000000000000e243                vsprintf
                0x000000000000e4c4                sprintf
 *fill*         0x000000000000e4ea        0x6 
 .text          0x000000000000e4f0       0x78 lib/orangescrt.a(string.o)
                0x000000000000e4f0                memcpy
                0x000000000000e519                memset
                0x000000000000e53a                strcpy
                0x000000000000e552                strlen
 .text          0x000000000000e568      0x2cb lib/orangescrt.a(misc.o)
                0x000000000000e568                send_recv
                0x000000000000e625                memcmp
                0x000000000000e69b                strcmp
                0x000000000000e70e                strcat
                0x000000000000e76d                strjin
                0x000000000000e7df                spin
                0x000000000000e7fa                assertion_failure
 .text          0x000000000000e833       0x6f lib/orangescrt.a(open.o)
                0x000000000000e833                open
 .text          0x000000000000e8a2       0x40 lib/orangescrt.a(read.o)
                0x000000000000e8a2                read
 .text          0x000000000000e8e2       0x40 lib/orangescrt.a(write.o)
                0x000000000000e8e2                write
 .text          0x000000000000e922       0x34 lib/orangescrt.a(close.o)
                0x000000000000e922                close
 .text          0x000000000000e956       0x45 lib/orangescrt.a(unlink.o)
                0x000000000000e956                unlink
 .text          0x000000000000e99b       0x52 lib/orangescrt.a(getpid.o)
                0x000000000000e99b                getpid
 .text          0x000000000000e9ed       0x6f lib/orangescrt.a(stat.o)
                0x000000000000e9ed                stat
 .text          0x000000000000ea5c       0x72 lib/orangescrt.a(fork.o)
                0x000000000000ea5c                fork
 .text          0x000000000000eace       0x45 lib/orangescrt.a(wait.o)
                0x000000000000eace                wait
 .text          0x000000000000eb13      0x243 lib/orangescrt.a(exec.o)
                0x000000000000eb13                exec
                0x000000000000eb8a                execl
                0x000000000000ebaf                execv
 *fill*         0x000000000000ed56        0xa 
 .text          0x000000000000ed60       0x28 lib/orangescrt.a(syscall.o)
                0x000000000000ed60                sendrec
                0x000000000000ed7a                printx
 *(.gnu.warning)

.fini
 *(SORT(.fini))
                [!provide]                        PROVIDE (__etext, .)
                [!provide]                        PROVIDE (_etext, .)
                [!provide]                        PROVIDE (etext, .)

.rodata         0x000000000000eda0     0x364f
 *(.rodata .rodata.* .gnu.linkonce.r.*)
 .rodata        0x000000000000eda0       0x47 kernel/start.o
 *fill*         0x000000000000ede7        0x1 
 .rodata        0x000000000000ede8     0x1238 kernel/main.o
 .rodata        0x0000000000010020       0x64 kernel/keyboard.o
 .rodata        0x0000000000010084      0x168 kernel/tty.o
 .rodata        0x00000000000101ec       0x5b kernel/console.o
 .rodata        0x0000000000010247       0x11 kernel/i8259.o
 .rodata        0x0000000000010258       0x10 kernel/global.o
                0x0000000000010258                FSBUF_SIZE
                0x000000000001025c                MMBUF_SIZE
                0x0000000000010260                LOGBUF_SIZE
                0x0000000000010264                LOGDISKBUF_SIZE
 *fill*         0x0000000000010268       0x18 
 .rodata        0x0000000000010280      0x580 kernel/protect.o
 .rodata        0x0000000000010800      0x5da kernel/proc.o
 .rodata        0x0000000000010dda       0x11 kernel/systask.o
 *fill*         0x0000000000010deb        0x1 
 .rodata        0x0000000000010dec      0x1df kernel/hd.o
 *fill*         0x0000000000010fcb        0x1 
 .rodata        0x0000000000010fcc       0x6d kernel/klib.o
 .rodata        0x0000000000011039       0x1e lib/syslog.o
 *fill*         0x0000000000011057        0x1 
 .rodata        0x0000000000011058       0xb1 mm/main.o
 *fill*         0x0000000000011109        0x3 
 .rodata        0x000000000001110c       0xe7 mm/forkexit.o
 *fill*         0x00000000000111f3        0x1 
 .rodata        0x00000000000111f4       0xa4 mm/exec.o
 .rodata        0x0000000000011298      0x2b6 fs/main.o
 *fill*         0x000000000001154e        0x2 
 .rodata        0x0000000000011550      0x13c fs/open.o
 .rodata        0x000000000001168c       0x60 fs/misc.o
 .rodata        0x00000000000116ec      0x164 fs/read_write.o
 .rodata        0x0000000000011850      0x1ad fs/link.o
 *fill*         0x00000000000119fd        0x3 
 .rodata        0x0000000000011a00      0x806 fs/disklog.o
 .rodata        0x0000000000012206       0x14 lib/orangescrt.a(printf.o)
 *fill*         0x000000000001221a        0x2 
 .rodata        0x000000000001221c       0xad lib/orangescrt.a(misc.o)
 .rodata        0x00000000000122c9       0x23 lib/orangescrt.a(open.o)
 .rodata        0x00000000000122ec       0x25 lib/orangescrt.a(getpid.o)
 .rodata        0x0000000000012311       0x23 lib/orangescrt.a(stat.o)
 .rodata        0x0000000000012334       0x33 lib/orangescrt.a(fork.o)
 *fill*         0x0000000000012367        0x1 
 .rodata        0x0000000000012368       0x87 lib/orangescrt.a(exec.o)

.rodata1
 *(.rodata1)

.eh_frame_hdr
 *(.eh_frame_hdr)
 *(.eh_frame_entry .eh_frame_entry.*)

.eh_frame       0x00000000000123f0     0x16e0
 *(.eh_frame)
 .eh_frame      0x00000000000123f0       0x38 kernel/start.o
 .eh_frame      0x0000000000012428      0x4ac kernel/main.o
                                        0x4c4 (size before relaxing)
 .eh_frame      0x00000000000128d4       0x60 kernel/clock.o
                                         0x78 (size before relaxing)
 .eh_frame      0x0000000000012934       0xe0 kernel/keyboard.o
                                         0xf8 (size before relaxing)
 .eh_frame      0x0000000000012a14      0x13c kernel/tty.o
                                        0x154 (size before relaxing)
 .eh_frame      0x0000000000012b50      0x144 kernel/console.o
                                        0x15c (size before relaxing)
 .eh_frame      0x0000000000012c94       0x60 kernel/i8259.o
                                         0x78 (size before relaxing)
 .eh_frame      0x0000000000012cf4       0xb0 kernel/protect.o
                                         0xc8 (size before relaxing)
 .eh_frame      0x0000000000012da4      0x1b8 kernel/proc.o
                                        0x1d0 (size before relaxing)
 .eh_frame      0x0000000000012f5c       0x5c kernel/systask.o
                                         0x74 (size before relaxing)
 .eh_frame      0x0000000000012fb8      0x1f0 kernel/hd.o
                                        0x208 (size before relaxing)
 .eh_frame      0x00000000000131a8      0x124 kernel/klib.o
                                        0x13c (size before relaxing)
 .eh_frame      0x00000000000132cc       0x20 lib/syslog.o
                                         0x38 (size before relaxing)
 .eh_frame      0x00000000000132ec       0x7c mm/main.o
                                         0x94 (size before relaxing)
 .eh_frame      0x0000000000013368       0x90 mm/forkexit.o
                                         0xa8 (size before relaxing)
 .eh_frame      0x00000000000133f8       0x2c mm/exec.o
                                         0x44 (size before relaxing)
 .eh_frame      0x0000000000013424      0x170 fs/main.o
                                        0x188 (size before relaxing)
 .eh_frame      0x0000000000013594      0x120 fs/open.o
                                        0x138 (size before relaxing)
 .eh_frame      0x00000000000136b4       0x68 fs/misc.o
                                         0x80 (size before relaxing)
 .eh_frame      0x000000000001371c       0x2c fs/read_write.o
                                         0x44 (size before relaxing)
 .eh_frame      0x0000000000013748       0x2c fs/link.o
                                         0x44 (size before relaxing)
 .eh_frame      0x0000000000013774       0x60 fs/disklog.o
                                         0x78 (size before relaxing)
 .eh_frame      0x00000000000137d4       0x40 lib/orangescrt.a(printf.o)
                                         0x58 (size before relaxing)
 .eh_frame      0x0000000000013814       0x60 lib/orangescrt.a(vsprintf.o)
                                         0x78 (size before relaxing)
 .eh_frame      0x0000000000013874       0xdc lib/orangescrt.a(misc.o)
                                         0xf4 (size before relaxing)
 .eh_frame      0x0000000000013950       0x20 lib/orangescrt.a(open.o)
                                         0x38 (size before relaxing)
 .eh_frame      0x0000000000013970       0x20 lib/orangescrt.a(read.o)
                                         0x38 (size before relaxing)
 .eh_frame      0x0000000000013990       0x20 lib/orangescrt.a(write.o)
                                         0x38 (size before relaxing)
 .eh_frame      0x00000000000139b0       0x20 lib/orangescrt.a(close.o)
                                         0x38 (size before relaxing)
 .eh_frame      0x00000000000139d0       0x20 lib/orangescrt.a(unlink.o)
                                         0x38 (size before relaxing)
 .eh_frame      0x00000000000139f0       0x20 lib/orangescrt.a(getpid.o)
                                         0x38 (size before relaxing)
 .eh_frame      0x0000000000013a10       0x20 lib/orangescrt.a(stat.o)
                                         0x38 (size before relaxing)
 .eh_frame      0x0000000000013a30       0x20 lib/orangescrt.a(fork.o)
                                         0x38 (size before relaxing)
 .eh_frame      0x0000000000013a50       0x20 lib/orangescrt.a(wait.o)
                                         0x38 (size before relaxing)
 .eh_frame      0x0000000000013a70       0x60 lib/orangescrt.a(exec.o)
                                         0x78 (size before relaxing)
 *(.eh_frame.*)

.gcc_except_table
 *(.gcc_except_table .gcc_except_table.*)

.gnu_extab
 *(.gnu_extab*)

.exception_ranges
 *(.exception_ranges .exception_ranges*)
                0x0000000000014000                . = DATA_SEGMENT_ALIGN (0x1000, 0x1000)

.eh_frame
 *(.eh_frame)
 *(.eh_frame.*)

.gnu_extab
 *(.gnu_extab)

.gcc_except_table
 *(.gcc_except_table .gcc_except_table.*)

.exception_ranges
 *(.exception_ranges .exception_ranges*)

.tdata
 *(.tdata .tdata.* .gnu.linkonce.td.*)

.tbss
 *(.tbss .tbss.* .gnu.linkonce.tb.*)
 *(.tcommon)

.preinit_array  0x0000000000014000        0x0
                [!provide]                        PROVIDE (__preinit_array_start, .)
 *(.preinit_array)
                [!provide]                        PROVIDE (__preinit_array_end, .)

.init_array     0x0000000000014000        0x0
                [!provide]                        PROVIDE (__init_array_start, .)
 *(SORT(.init_array.*) SORT(.ctors.*))
 *(.init_array EXCLUDE_FILE(*crtend?.o *crtend.o *crtbegin?.o *crtbegin.o) .ctors)
                [!provide]                        PROVIDE (__init_array_end, .)

.fini_array     0x0000000000014000        0x0
                [!provide]                        PROVIDE (__fini_array_start, .)
 *(SORT(.fini_array.*) SORT(.dtors.*))
 *(.fini_array EXCLUDE_FILE(*crtend?.o *crtend.o *crtbegin?.o *crtbegin.o) .dtors)
                [!provide]                        PROVIDE (__fini_array_end, .)

.ctors
 *crtbegin.o(.ctors)
 *crtbegin?.o(.ctors)
 *(EXCLUDE_FILE(*crtend?.o *crtend.o) .ctors)
 *(SORT(.ctors.*))
 *(.ctors)

.dtors
 *crtbegin.o(.dtors)
 *crtbegin?.o(.dtors)
 *(EXCLUDE_FILE(*crtend?.o *crtend.o) .dtors)
 *(SORT(.dtors.*))
 *(.dtors)

.jcr
 *(.jcr)

.data.rel.ro
 *(.data.rel.ro.local* .gnu.linkonce.d.rel.ro.local.*)
 *(.data.rel.ro .data.rel.ro.* .gnu.linkonce.d.rel.ro.*)

.dynamic
 *(.dynamic)

.got
 *(.got)
 *(.igot)
                0x0000000000014000                . = DATA_SEGMENT_RELRO_END (., (SIZEOF (.got.plt) >= 0xc)?0xc:0x0)

.got.plt        0x0000000000014000        0x0
 *(.got.plt)
 *(.igot.plt)
 .igot.plt      0x0000000000014000        0x0 kernel/kernel.o

.data           0x0000000000014000      0x814
 *(.data .data.* .gnu.linkonce.d.*)
 .data          0x0000000000014000        0x2 kernel/kernel.o
 .data          0x0000000000014002        0x0 kernel/start.o
 *fill*         0x0000000000014002        0x2 
 .data          0x0000000000014004        0xc kernel/main.o
                0x0000000000014004                location
 .data          0x0000000000014010        0x0 kernel/clock.o
 *fill*         0x0000000000014010       0x10 
 .data          0x0000000000014020      0x600 kernel/keyboard.o
                0x0000000000014020                keymap
 .data          0x0000000000014620       0x22 kernel/tty.o
 .data          0x0000000000014642        0x0 kernel/console.o
 .data          0x0000000000014642        0x0 kernel/i8259.o
 *fill*         0x0000000000014642       0x1e 
 .data          0x0000000000014660      0x1b4 kernel/global.o
                0x0000000000014660                task_table
                0x0000000000014740                user_proc_table
                0x00000000000147e0                sys_call_table
                0x00000000000147ec                dd_map
                0x0000000000014804                fsbuf
                0x0000000000014808                mmbuf
                0x000000000001480c                logbuf
                0x0000000000014810                logdiskbuf
 .data          0x0000000000014814        0x0 kernel/protect.o
 .data          0x0000000000014814        0x0 kernel/proc.o
 .data          0x0000000000014814        0x0 kernel/systask.o
 .data          0x0000000000014814        0x0 kernel/hd.o
 .data          0x0000000000014814        0x0 kernel/klib.o
 .data          0x0000000000014814        0x0 lib/syslog.o
 .data          0x0000000000014814        0x0 mm/main.o
 .data          0x0000000000014814        0x0 mm/forkexit.o
 .data          0x0000000000014814        0x0 mm/exec.o
 .data          0x0000000000014814        0x0 fs/main.o
 .data          0x0000000000014814        0x0 fs/open.o
 .data          0x0000000000014814        0x0 fs/misc.o
 .data          0x0000000000014814        0x0 fs/read_write.o
 .data          0x0000000000014814        0x0 fs/link.o
 .data          0x0000000000014814        0x0 fs/disklog.o
 .data          0x0000000000014814        0x0 lib/orangescrt.a(printf.o)
 .data          0x0000000000014814        0x0 lib/orangescrt.a(vsprintf.o)
 .data          0x0000000000014814        0x0 lib/orangescrt.a(misc.o)
 .data          0x0000000000014814        0x0 lib/orangescrt.a(open.o)
 .data          0x0000000000014814        0x0 lib/orangescrt.a(read.o)
 .data          0x0000000000014814        0x0 lib/orangescrt.a(write.o)
 .data          0x0000000000014814        0x0 lib/orangescrt.a(close.o)
 .data          0x0000000000014814        0x0 lib/orangescrt.a(unlink.o)
 .data          0x0000000000014814        0x0 lib/orangescrt.a(getpid.o)
 .data          0x0000000000014814        0x0 lib/orangescrt.a(stat.o)
 .data          0x0000000000014814        0x0 lib/orangescrt.a(fork.o)
 .data          0x0000000000014814        0x0 lib/orangescrt.a(wait.o)
 .data          0x0000000000014814        0x0 lib/orangescrt.a(exec.o)

.data1
 *(.data1)
                0x0000000000014814                _edata = .
                [!provide]                        PROVIDE (edata, .)
                0x0000000000014814                . = .
                0x0000000000014814                __bss_start = .

.bss            0x0000000000014820    0x2c148
 *(.dynbss)
 *(.bss .bss.* .gnu.linkonce.b.*)
 .bss           0x0000000000014820      0x800 kernel/kernel.o
 .bss           0x0000000000015020        0x0 kernel/start.o
 .bss           0x0000000000015020        0x8 kernel/main.o
                0x0000000000015020                filecount
                0x0000000000015024                dircount
 .bss           0x0000000000015028        0x0 kernel/clock.o
 *fill*         0x0000000000015028       0x18 
 .bss           0x0000000000015040       0x58 kernel/keyboard.o
 .bss           0x0000000000015098        0x0 kernel/tty.o
 .bss           0x0000000000015098        0x0 kernel/console.o
 .bss           0x0000000000015098        0x0 kernel/i8259.o
 .bss           0x0000000000015098        0x0 kernel/global.o
 .bss           0x0000000000015098        0x0 kernel/protect.o
 .bss           0x0000000000015098        0x0 kernel/proc.o
 .bss           0x0000000000015098        0x0 kernel/systask.o
 *fill*         0x0000000000015098        0x8 
 .bss           0x00000000000150a0      0x64c kernel/hd.o
 .bss           0x00000000000156ec        0x0 kernel/klib.o
 .bss           0x00000000000156ec        0x0 lib/syslog.o
 .bss           0x00000000000156ec        0x0 mm/main.o
 .bss           0x00000000000156ec        0x0 mm/forkexit.o
 .bss           0x00000000000156ec        0x0 mm/exec.o
 .bss           0x00000000000156ec        0x0 fs/main.o
 .bss           0x00000000000156ec        0x0 fs/open.o
 .bss           0x00000000000156ec        0x0 fs/misc.o
 .bss           0x00000000000156ec        0x0 fs/read_write.o
 .bss           0x00000000000156ec        0x0 fs/link.o
 *fill*         0x00000000000156ec       0x14 
 .bss           0x0000000000015700      0x208 fs/disklog.o
 .bss           0x0000000000015908        0x0 lib/orangescrt.a(printf.o)
 .bss           0x0000000000015908        0x0 lib/orangescrt.a(vsprintf.o)
 .bss           0x0000000000015908        0x0 lib/orangescrt.a(misc.o)
 .bss           0x0000000000015908        0x0 lib/orangescrt.a(open.o)
 .bss           0x0000000000015908        0x0 lib/orangescrt.a(read.o)
 .bss           0x0000000000015908        0x0 lib/orangescrt.a(write.o)
 .bss           0x0000000000015908        0x0 lib/orangescrt.a(close.o)
 .bss           0x0000000000015908        0x0 lib/orangescrt.a(unlink.o)
 .bss           0x0000000000015908        0x0 lib/orangescrt.a(getpid.o)
 .bss           0x0000000000015908        0x0 lib/orangescrt.a(stat.o)
 .bss           0x0000000000015908        0x0 lib/orangescrt.a(fork.o)
 .bss           0x0000000000015908        0x0 lib/orangescrt.a(wait.o)
 .bss           0x0000000000015908        0x0 lib/orangescrt.a(exec.o)
 *(COMMON)
 *fill*         0x0000000000015908       0x18 
 COMMON         0x0000000000015920      0x8a0 kernel/main.o
                0x0000000000015920                filequeue
                0x0000000000015a60                dirs
                0x0000000000015cc0                dirqueue
                0x0000000000015e00                files
 COMMON         0x00000000000161c0    0x2a798 kernel/global.o
                0x00000000000161c0                idt_ptr
                0x00000000000161e0                inode_table
                0x0000000000016ce0                task_stack
                0x000000000003ace0                k_reenter
                0x000000000003ad00                gdt
                0x000000000003b100                current_console
                0x000000000003b104                pcaller
                0x000000000003b120                tty_table
                0x000000000003bda0                tss
                0x000000000003be20                fs_msg
                0x000000000003bed0                memory_size
                0x000000000003bee0                f_desc_table
                0x000000000003c2e0                root_inode
                0x000000000003c2e4                disp_pos
                0x000000000003c300                mm_msg
                0x000000000003c3b0                key_pressed
                0x000000000003c3b4                gdt_ptr
                0x000000000003c3c0                idt
                0x000000000003cbc0                super_block
                0x000000000003cda0                ticks
                0x000000000003cdc0                console_table
                0x000000000003ce00                irq_table
                0x000000000003ce40                p_proc_ready
                0x000000000003ce60                proc_table
 COMMON         0x0000000000040958       0x10 kernel/hd.o
                0x0000000000040958                PARTITION_ENTRY
                0x0000000000040968                . = ALIGN ((. != 0x0)?0x4:0x1)
                0x0000000000040968                . = ALIGN (0x4)
                0x0000000000040968                . = SEGMENT_START ("ldata-segment", .)
                0x0000000000040968                . = ALIGN (0x4)
                0x0000000000040968                _end = .
                [!provide]                        PROVIDE (end, .)
                0x0000000000040968                . = DATA_SEGMENT_END (.)

.stab
 *(.stab)

.stabstr
 *(.stabstr)

.stab.excl
 *(.stab.excl)

.stab.exclstr
 *(.stab.exclstr)

.stab.index
 *(.stab.index)

.stab.indexstr
 *(.stab.indexstr)

.comment        0x0000000000000000       0x35
 *(.comment)
 .comment       0x0000000000000000       0x35 kernel/start.o
                                         0x36 (size before relaxing)
 .comment       0x0000000000000035       0x36 kernel/main.o
 .comment       0x0000000000000035       0x36 kernel/clock.o
 .comment       0x0000000000000035       0x36 kernel/keyboard.o
 .comment       0x0000000000000035       0x36 kernel/tty.o
 .comment       0x0000000000000035       0x36 kernel/console.o
 .comment       0x0000000000000035       0x36 kernel/i8259.o
 .comment       0x0000000000000035       0x36 kernel/global.o
 .comment       0x0000000000000035       0x36 kernel/protect.o
 .comment       0x0000000000000035       0x36 kernel/proc.o
 .comment       0x0000000000000035       0x36 kernel/systask.o
 .comment       0x0000000000000035       0x36 kernel/hd.o
 .comment       0x0000000000000035       0x36 kernel/klib.o
 .comment       0x0000000000000035       0x36 lib/syslog.o
 .comment       0x0000000000000035       0x36 mm/main.o
 .comment       0x0000000000000035       0x36 mm/forkexit.o
 .comment       0x0000000000000035       0x36 mm/exec.o
 .comment       0x0000000000000035       0x36 fs/main.o
 .comment       0x0000000000000035       0x36 fs/open.o
 .comment       0x0000000000000035       0x36 fs/misc.o
 .comment       0x0000000000000035       0x36 fs/read_write.o
 .comment       0x0000000000000035       0x36 fs/link.o
 .comment       0x0000000000000035       0x36 fs/disklog.o
 .comment       0x0000000000000035       0x36 lib/orangescrt.a(printf.o)
 .comment       0x0000000000000035       0x36 lib/orangescrt.a(vsprintf.o)
 .comment       0x0000000000000035       0x36 lib/orangescrt.a(misc.o)
 .comment       0x0000000000000035       0x36 lib/orangescrt.a(open.o)
 .comment       0x0000000000000035       0x36 lib/orangescrt.a(read.o)
 .comment       0x0000000000000035       0x36 lib/orangescrt.a(write.o)
 .comment       0x0000000000000035       0x36 lib/orangescrt.a(close.o)
 .comment       0x0000000000000035       0x36 lib/orangescrt.a(unlink.o)
 .comment       0x0000000000000035       0x36 lib/orangescrt.a(getpid.o)
 .comment       0x0000000000000035       0x36 lib/orangescrt.a(stat.o)
 .comment       0x0000000000000035       0x36 lib/orangescrt.a(fork.o)
 .comment       0x0000000000000035       0x36 lib/orangescrt.a(wait.o)
 .comment       0x0000000000000035       0x36 lib/orangescrt.a(exec.o)

.debug
 *(.debug)

.line
 *(.line)

.debug_srcinfo
 *(.debug_srcinfo)

.debug_sfnames
 *(.debug_sfnames)

.debug_aranges
 *(.debug_aranges)

.debug_pubnames
 *(.debug_pubnames)

.debug_info
 *(.debug_info .gnu.linkonce.wi.*)

.debug_abbrev
 *(.debug_abbrev)

.debug_line
 *(.debug_line .debug_line.* .debug_line_end)

.debug_frame
 *(.debug_frame)

.debug_str
 *(.debug_str)

.debug_loc
 *(.debug_loc)

.debug_macinfo
 *(.debug_macinfo)

.debug_weaknames
 *(.debug_weaknames)

.debug_funcnames
 *(.debug_funcnames)

.debug_typenames
 *(.debug_typenames)

.debug_varnames
 *(.debug_varnames)

.debug_pubtypes
 *(.debug_pubtypes)

.debug_ranges
 *(.debug_ranges)

.debug_macro
 *(.debug_macro)

.gnu.attributes
 *(.gnu.attributes)

/DISCARD/
 *(.note.GNU-stack)
 *(.gnu_debuglink)
 *(.gnu.lto_*)
OUTPUT(kernel.bin elf32-i386)
